Archive member included to satisfy reference by file (symbol)

C:\Users\ryant\jims_projects\sensor_workspace\can_a121_shoot\cortex_m4_gcc\rss\lib\libacc_detector_distance_a121.a(acc_detector_distance.o)
                              ./Core/Src/example_detector_distance_with_iq_data_print.o (acc_detector_distance_config_create)
C:\Users\ryant\jims_projects\sensor_workspace\can_a121_shoot\cortex_m4_gcc\rss\lib\libacc_detector_distance_a121.a(acc_detector_distance_aggregator.o)
                              C:\Users\ryant\jims_projects\sensor_workspace\can_a121_shoot\cortex_m4_gcc\rss\lib\libacc_detector_distance_a121.a(acc_detector_distance.o) (acc_detector_distance_aggregator_get_buffer_sizes)
C:\Users\ryant\jims_projects\sensor_workspace\can_a121_shoot\cortex_m4_gcc\rss\lib\libacc_detector_distance_a121.a(acc_detector_distance_alg.o)
                              C:\Users\ryant\jims_projects\sensor_workspace\can_a121_shoot\cortex_m4_gcc\rss\lib\libacc_detector_distance_a121.a(acc_detector_distance_aggregator.o) (acc_detector_distance_alg_peak_inplace_sort)
C:\Users\ryant\jims_projects\sensor_workspace\can_a121_shoot\cortex_m4_gcc\rss\lib\libacc_detector_distance_a121.a(acc_detector_distance_calibration.o)
                              C:\Users\ryant\jims_projects\sensor_workspace\can_a121_shoot\cortex_m4_gcc\rss\lib\libacc_detector_distance_a121.a(acc_detector_distance.o) (acc_detector_distance_calibration_buffer_map_init)
C:\Users\ryant\jims_projects\sensor_workspace\can_a121_shoot\cortex_m4_gcc\rss\lib\libacc_detector_distance_a121.a(acc_detector_distance_processor.o)
                              C:\Users\ryant\jims_projects\sensor_workspace\can_a121_shoot\cortex_m4_gcc\rss\lib\libacc_detector_distance_a121.a(acc_detector_distance_aggregator.o) (acc_detector_distance_processor_get_buffer_sizes)
C:\Users\ryant\jims_projects\sensor_workspace\can_a121_shoot\cortex_m4_gcc\rss\lib\libacc_detector_distance_a121.a(acc_detector_distance_translation.o)
                              C:\Users\ryant\jims_projects\sensor_workspace\can_a121_shoot\cortex_m4_gcc\rss\lib\libacc_detector_distance_a121.a(acc_detector_distance.o) (acc_detector_distance_translation_get_num_processor_specifications)
C:\Users\ryant\jims_projects\sensor_workspace\can_a121_shoot\cortex_m4_gcc\rss\lib\libacc_detector_distance_a121.a(acc_detector_distance_utils.o)
                              C:\Users\ryant\jims_projects\sensor_workspace\can_a121_shoot\cortex_m4_gcc\rss\lib\libacc_detector_distance_a121.a(acc_detector_distance_processor.o) (acc_detector_distance_utils_reflector_shape_exponent_get)
C:\Users\ryant\jims_projects\sensor_workspace\can_a121_shoot\cortex_m4_gcc\rss\lib\libacconeer_a121.a(acc_rss_a121.o)
                              ./Core/Src/example_basic_service.o (acc_rss_hal_register)
C:\Users\ryant\jims_projects\sensor_workspace\can_a121_shoot\cortex_m4_gcc\rss\lib\libacconeer_a121.a(acc_config.o)
                              C:\Users\ryant\jims_projects\sensor_workspace\can_a121_shoot\cortex_m4_gcc\rss\lib\libacc_detector_distance_a121.a(acc_detector_distance.o) (acc_config_log)
C:\Users\ryant\jims_projects\sensor_workspace\can_a121_shoot\cortex_m4_gcc\rss\lib\libacconeer_a121.a(acc_processing.o)
                              ./Core/Src/example_basic_service.o (acc_processing_execute)
C:\Users\ryant\jims_projects\sensor_workspace\can_a121_shoot\cortex_m4_gcc\rss\lib\libacconeer_a121.a(acc_sensor.o)
                              ./Core/Src/example_basic_service.o (acc_sensor_destroy)
C:\Users\ryant\jims_projects\sensor_workspace\can_a121_shoot\cortex_m4_gcc\rss\lib\libacconeer_a121.a(acc_calibration_a121.o)
                              C:\Users\ryant\jims_projects\sensor_workspace\can_a121_shoot\cortex_m4_gcc\rss\lib\libacconeer_a121.a(acc_sensor.o) (acc_calibration_a121_calibrate)
C:\Users\ryant\jims_projects\sensor_workspace\can_a121_shoot\cortex_m4_gcc\rss\lib\libacconeer_a121.a(acc_calibration_a121_algorithms.o)
                              C:\Users\ryant\jims_projects\sensor_workspace\can_a121_shoot\cortex_m4_gcc\rss\lib\libacconeer_a121.a(acc_calibration_a121.o) (acc_cal_algorithms_pll_cbank)
C:\Users\ryant\jims_projects\sensor_workspace\can_a121_shoot\cortex_m4_gcc\rss\lib\libacconeer_a121.a(acc_calibration_a121_cal_session.o)
                              C:\Users\ryant\jims_projects\sensor_workspace\can_a121_shoot\cortex_m4_gcc\rss\lib\libacconeer_a121.a(acc_calibration_a121.o) (acc_a121_cal_session_start_1_pll_cbank_temp_program)
C:\Users\ryant\jims_projects\sensor_workspace\can_a121_shoot\cortex_m4_gcc\rss\lib\libacconeer_a121.a(acc_detector_utils.o)
                              C:\Users\ryant\jims_projects\sensor_workspace\can_a121_shoot\cortex_m4_gcc\rss\lib\libacc_detector_distance_a121.a(acc_detector_distance_aggregator.o) (acc_detector_utils_get_fwhm)
C:\Users\ryant\jims_projects\sensor_workspace\can_a121_shoot\cortex_m4_gcc\rss\lib\libacconeer_a121.a(acc_rss_integration.o)
[...]
Memory Configuration

Name             Origin             Length             Attributes
RAM              0x20000000         0x00010000         xrw
FLASH            0x08000000         0x00040000         xr
*default*        0x00000000         0xffffffff

Linker script and memory map

LOAD C:/ST/STM32CubeIDE_1.15.0/STM32CubeIDE/plugins/com.st.stm32cube.ide.mcu.externaltools.gnu-tools-for-stm32.12.3.rel1.win32_1.0.100.202403111256/tools/bin/../lib/gcc/arm-none-eabi/12.3.1/thumb/v7e-m+fp/hard/crti.o
LOAD C:/ST/STM32CubeIDE_1.15.0/STM32CubeIDE/plugins/com.st.stm32cube.ide.mcu.externaltools.gnu-tools-for-stm32.12.3.rel1.win32_1.0.100.202403111256/tools/bin/../lib/gcc/arm-none-eabi/12.3.1/thumb/v7e-m+fp/hard/crtbegin.o
LOAD C:/ST/STM32CubeIDE_1.15.0/STM32CubeIDE/plugins/com.st.stm32cube.ide.mcu.externaltools.gnu-tools-for-stm32.12.3.rel1.win32_1.0.100.202403111256/tools/bin/../lib/gcc/arm-none-eabi/12.3.1/../../../../arm-none-eabi/lib/thumb/v7e-m+fp/hard/crt0.o
LOAD ./Core/Src/acc_algorithm.o
LOAD ./Core/Src/acc_hal_integration_stm32cube_xe121_single_sensor.o
LOAD ./Core/Src/acc_integration_log.o
LOAD ./Core/Src/acc_integration_stm32.o
LOAD ./Core/Src/canspi.o
LOAD ./Core/Src/example_basic_service.o
LOAD ./Core/Src/example_detector_distance_with_iq_data_print.o
LOAD ./Core/Src/main.o
LOAD ./Core/Src/mcp2515.o
LOAD ./Core/Src/stm32f4xx_hal_msp.o
LOAD ./Core/Src/stm32f4xx_it.o
LOAD ./Core/Src/syscalls.o
LOAD ./Core/Src/sysmem.o
LOAD ./Core/Src/system_stm32f4xx.o
LOAD ./Core/Src/utility.o
LOAD ./Core/Startup/startup_stm32f401ccux.o
LOAD ./Drivers/STM32F4xx_HAL_Driver/Src/stm32f4xx_hal.o
LOAD ./Drivers/STM32F4xx_HAL_Driver/Src/stm32f4xx_hal_cortex.o
LOAD ./Drivers/STM32F4xx_HAL_Driver/Src/stm32f4xx_hal_dma.o
LOAD ./Drivers/STM32F4xx_HAL_Driver/Src/stm32f4xx_hal_dma_ex.o
LOAD ./Drivers/STM32F4xx_HAL_Driver/Src/stm32f4xx_hal_exti.o
LOAD ./Drivers/STM32F4xx_HAL_Driver/Src/stm32f4xx_hal_flash.o
LOAD ./Drivers/STM32F4xx_HAL_Driver/Src/stm32f4xx_hal_flash_ex.o
LOAD ./Drivers/STM32F4xx_HAL_Driver/Src/stm32f4xx_hal_flash_ramfunc.o
LOAD ./Drivers/STM32F4xx_HAL_Driver/Src/stm32f4xx_hal_gpio.o
LOAD ./Drivers/STM32F4xx_HAL_Driver/Src/stm32f4xx_hal_pwr.o
LOAD ./Drivers/STM32F4xx_HAL_Driver/Src/stm32f4xx_hal_pwr_ex.o
LOAD ./Drivers/STM32F4xx_HAL_Driver/Src/stm32f4xx_hal_rcc.o
LOAD ./Drivers/STM32F4xx_HAL_Driver/Src/stm32f4xx_hal_rcc_ex.o
LOAD ./Drivers/STM32F4xx_HAL_Driver/Src/stm32f4xx_hal_spi.o
LOAD ./Drivers/STM32F4xx_HAL_Driver/Src/stm32f4xx_hal_tim.o
LOAD ./Drivers/STM32F4xx_HAL_Driver/Src/stm32f4xx_hal_tim_ex.o
LOAD C:\Users\ryant\jims_projects\sensor_workspace\can_a121_shoot\cortex_m4_gcc\rss\lib\libacc_detector_distance_a121.a
LOAD C:\Users\ryant\jims_projects\sensor_workspace\can_a121_shoot\cortex_m4_gcc\rss\lib\libacconeer_a121.a
START GROUP
LOAD C:/ST/STM32CubeIDE_1.15.0/STM32CubeIDE/plugins/com.st.stm32cube.ide.mcu.externaltools.gnu-tools-for-stm32.12.3.rel1.win32_1.0.100.202403111256/tools/bin/../lib/gcc/arm-none-eabi/12.3.1/../../../../arm-none-eabi/lib/thumb/v7e-m+fp/hard\libc_nano.a
LOAD C:/ST/STM32CubeIDE_1.15.0/STM32CubeIDE/plugins/com.st.stm32cube.ide.mcu.externaltools.gnu-tools-for-stm32.12.3.rel1.win32_1.0.100.202403111256/tools/bin/../lib/gcc/arm-none-eabi/12.3.1/../../../../arm-none-eabi/lib/thumb/v7e-m+fp/hard\libm.a
END GROUP
START GROUP
LOAD C:/ST/STM32CubeIDE_1.15.0/STM32CubeIDE/plugins/com.st.stm32cube.ide.mcu.externaltools.gnu-tools-for-stm32.12.3.rel1.win32_1.0.100.202403111256/tools/bin/../lib/gcc/arm-none-eabi/12.3.1/thumb/v7e-m+fp/hard\libgcc.a
LOAD C:/ST/STM32CubeIDE_1.15.0/STM32CubeIDE/plugins/com.st.stm32cube.ide.mcu.externaltools.gnu-tools-for-stm32.12.3.rel1.win32_1.0.100.202403111256/tools/bin/../lib/gcc/arm-none-eabi/12.3.1/../../../../arm-none-eabi/lib/thumb/v7e-m+fp/hard\libc_nano.a
END GROUP
START GROUP
LOAD C:/ST/STM32CubeIDE_1.15.0/STM32CubeIDE/plugins/com.st.stm32cube.ide.mcu.externaltools.gnu-tools-for-stm32.12.3.rel1.win32_1.0.100.202403111256/tools/bin/../lib/gcc/arm-none-eabi/12.3.1/thumb/v7e-m+fp/hard\libgcc.a
LOAD C:/ST/STM32CubeIDE_1.15.0/STM32CubeIDE/plugins/com.st.stm32cube.ide.mcu.externaltools.gnu-tools-for-stm32.12.3.rel1.win32_1.0.100.202403111256/tools/bin/../lib/gcc/arm-none-eabi/12.3.1/../../../../arm-none-eabi/lib/thumb/v7e-m+fp/hard\libc_nano.a
LOAD C:/ST/STM32CubeIDE_1.15.0/STM32CubeIDE/plugins/com.st.stm32cube.ide.mcu.externaltools.gnu-tools-for-stm32.12.3.rel1.win32_1.0.100.202403111256/tools/bin/../lib/gcc/arm-none-eabi/12.3.1/../../../../arm-none-eabi/lib/thumb/v7e-m+fp/hard\libnosys.a
END GROUP
START GROUP
LOAD C:/ST/STM32CubeIDE_1.15.0/STM32CubeIDE/plugins/com.st.stm32cube.ide.mcu.externaltools.gnu-tools-for-stm32.12.3.rel1.win32_1.0.100.202403111256/tools/bin/../lib/gcc/arm-none-eabi/12.3.1/thumb/v7e-m+fp/hard\libgcc.a
LOAD C:/ST/STM32CubeIDE_1.15.0/STM32CubeIDE/plugins/com.st.stm32cube.ide.mcu.externaltools.gnu-tools-for-stm32.12.3.rel1.win32_1.0.100.202403111256/tools/bin/../lib/gcc/arm-none-eabi/12.3.1/../../../../arm-none-eabi/lib/thumb/v7e-m+fp/hard\libc_nano.a
LOAD C:/ST/STM32CubeIDE_1.15.0/STM32CubeIDE/plugins/com.st.stm32cube.ide.mcu.externaltools.gnu-tools-for-stm32.12.3.rel1.win32_1.0.100.202403111256/tools/bin/../lib/gcc/arm-none-eabi/12.3.1/../../../../arm-none-eabi/lib/thumb/v7e-m+fp/hard\libnosys.a
END GROUP
LOAD C:/ST/STM32CubeIDE_1.15.0/STM32CubeIDE/plugins/com.st.stm32cube.ide.mcu.externaltools.gnu-tools-for-stm32.12.3.rel1.win32_1.0.100.202403111256/tools/bin/../lib/gcc/arm-none-eabi/12.3.1/thumb/v7e-m+fp/hard/crtend.o
LOAD C:/ST/STM32CubeIDE_1.15.0/STM32CubeIDE/plugins/com.st.stm32cube.ide.mcu.externaltools.gnu-tools-for-stm32.12.3.rel1.win32_1.0.100.202403111256/tools/bin/../lib/gcc/arm-none-eabi/12.3.1/thumb/v7e-m+fp/hard/crtn.o
                0x20010000                        _estack = (ORIGIN (RAM) + LENGTH (RAM))
                0x00000200                        _Min_Heap_Size = 0x200
                0x00000400                        _Min_Stack_Size = 0x400

.isr_vector     0x08000000      0x194
                0x08000000                        . = ALIGN (0x4)
 *(.isr_vector)
 .isr_vector    0x08000000      0x194 ./Core/Startup/startup_stm32f401ccux.o
                0x08000000                g_pfnVectors
                0x08000194                        . = ALIGN (0x4)

.text           0x080001a0    0x14440
                0x080001a0                        . = ALIGN (0x4)
 *(.text)
 .text          0x080001a0       0x40 C:/ST/STM32CubeIDE_1.15.0/STM32CubeIDE/plugins/com.st.stm32cube.ide.mcu.externaltools.gnu-tools-for-stm32.12.3.rel1.win32_1.0.100.202403111256/tools/bin/../lib/gcc/arm-none-eabi/12.3.1/thumb/v7e-m+fp/hard/crtbegin.o
 .text          0x080001e0       0xa0 C:/ST/STM32CubeIDE_1.15.0/STM32CubeIDE/plugins/com.st.stm32cube.ide.mcu.externaltools.gnu-tools-for-stm32.12.3.rel1.win32_1.0.100.202403111256/tools/bin/../lib/gcc/arm-none-eabi/12.3.1/../../../../arm-none-eabi/lib/thumb/v7e-m+fp/hard\libc_nano.a(libc_a-memchr.o)
                0x080001e0                memchr
 .text          0x08000280       0x10 C:/ST/STM32CubeIDE_1.15.0/STM32CubeIDE/plugins/com.st.stm32cube.ide.mcu.externaltools.gnu-tools-for-stm32.12.3.rel1.win32_1.0.100.202403111256/tools/bin/../lib/gcc/arm-none-eabi/12.3.1/../../../../arm-none-eabi/lib/thumb/v7e-m+fp/hard\libc_nano.a(libc_a-strlen.o)
                0x08000280                strlen
 .text          0x08000290      0x378 C:/ST/STM32CubeIDE_1.15.0/STM32CubeIDE/plugins/com.st.stm32cube.ide.mcu.externaltools.gnu-tools-for-stm32.12.3.rel1.win32_1.0.100.202403111256/tools/bin/../lib/gcc/arm-none-eabi/12.3.1/thumb/v7e-m+fp/hard\libgcc.a(_arm_addsubdf3.o)
                0x08000290                __aeabi_drsub
                0x08000298                __aeabi_dsub
                0x08000298                __subdf3
                0x0800029c                __aeabi_dadd
                0x0800029c                __adddf3
                0x08000514                __floatunsidf
                0x08000514                __aeabi_ui2d
                0x08000534                __floatsidf
                0x08000534                __aeabi_i2d
                0x08000558                __aeabi_f2d
                0x08000558                __extendsfdf2
                0x0800059c                __floatundidf
                0x0800059c                __aeabi_ul2d
                0x080005ac                __floatdidf
                0x080005ac                __aeabi_l2d
 .text          0x08000608      0x424 C:/ST/STM32CubeIDE_1.15.0/STM32CubeIDE/plugins/com.st.stm32cube.ide.mcu.externaltools.gnu-tools-for-stm32.12.3.rel1.win32_1.0.100.202403111256/tools/bin/../lib/gcc/arm-none-eabi/12.3.1/thumb/v7e-m+fp/hard\libgcc.a(_arm_muldivdf3.o)
                0x08000608                __aeabi_dmul
                0x08000608                __muldf3
                0x0800085c                __divdf3
                0x0800085c                __aeabi_ddiv
 .text          0x08000a2c      0x110 C:/ST/STM32CubeIDE_1.15.0/STM32CubeIDE/plugins/com.st.stm32cube.ide.mcu.externaltools.gnu-tools-for-stm32.12.3.rel1.win32_1.0.100.202403111256/tools/bin/../lib/gcc/arm-none-eabi/12.3.1/thumb/v7e-m+fp/hard\libgcc.a(_arm_cmpdf2.o)
                0x08000a2c                __gtdf2
                0x08000a2c                __gedf2
                0x08000a34                __ltdf2
                0x08000a34                __ledf2
                0x08000a3c                __nedf2
                0x08000a3c                __eqdf2
                0x08000a3c                __cmpdf2
                0x08000ab8                __aeabi_cdrcmple
                0x08000ac8                __aeabi_cdcmpeq
                0x08000ac8                __aeabi_cdcmple
                0x08000ad8                __aeabi_dcmpeq
                0x08000aec                __aeabi_dcmplt
                0x08000b00                __aeabi_dcmple
                0x08000b14                __aeabi_dcmpge
                0x08000b28                __aeabi_dcmpgt
 .text          0x08000b3c       0x2c C:/ST/STM32CubeIDE_1.15.0/STM32CubeIDE/plugins/com.st.stm32cube.ide.mcu.externaltools.gnu-tools-for-stm32.12.3.rel1.win32_1.0.100.202403111256/tools/bin/../lib/gcc/arm-none-eabi/12.3.1/thumb/v7e-m+fp/hard\libgcc.a(_arm_unorddf2.o)
                0x08000b3c                __unorddf2
                0x08000b3c                __aeabi_dcmpun
 .text          0x08000b68       0x50 C:/ST/STM32CubeIDE_1.15.0/STM32CubeIDE/plugins/com.st.stm32cube.ide.mcu.externaltools.gnu-tools-for-stm32.12.3.rel1.win32_1.0.100.202403111256/tools/bin/../lib/gcc/arm-none-eabi/12.3.1/thumb/v7e-m+fp/hard\libgcc.a(_arm_fixdfsi.o)
                0x08000b68                __aeabi_d2iz
                0x08000b68                __fixdfsi
 .text          0x08000bb8       0x40 C:/ST/STM32CubeIDE_1.15.0/STM32CubeIDE/plugins/com.st.stm32cube.ide.mcu.externaltools.gnu-tools-for-stm32.12.3.rel1.win32_1.0.100.202403111256/tools/bin/../lib/gcc/arm-none-eabi/12.3.1/thumb/v7e-m+fp/hard\libgcc.a(_arm_fixunsdfsi.o)
                0x08000bb8                __aeabi_d2uiz
                0x08000bb8                __fixunsdfsi
 .text          0x08000bf8       0xa0 C:/ST/STM32CubeIDE_1.15.0/STM32CubeIDE/plugins/com.st.stm32cube.ide.mcu.externaltools.gnu-tools-for-stm32.12.3.rel1.win32_1.0.100.202403111256/tools/bin/../lib/gcc/arm-none-eabi/12.3.1/thumb/v7e-m+fp/hard\libgcc.a(_arm_truncdfsf2.o)
                0x08000bf8                __truncdfsf2
                0x08000bf8                __aeabi_d2f
 .text          0x08000c98       0x30 C:/ST/STM32CubeIDE_1.15.0/STM32CubeIDE/plugins/com.st.stm32cube.ide.mcu.externaltools.gnu-tools-for-stm32.12.3.rel1.win32_1.0.100.202403111256/tools/bin/../lib/gcc/arm-none-eabi/12.3.1/thumb/v7e-m+fp/hard\libgcc.a(_aeabi_uldivmod.o)
                0x08000c98                __aeabi_uldivmod
 .text          0x08000cc8      0x2cc C:/ST/STM32CubeIDE_1.15.0/STM32CubeIDE/plugins/com.st.stm32cube.ide.mcu.externaltools.gnu-tools-for-stm32.12.3.rel1.win32_1.0.100.202403111256/tools/bin/../lib/gcc/arm-none-eabi/12.3.1/thumb/v7e-m+fp/hard\libgcc.a(_mulsc3.o)
                0x08000cc8                __mulsc3
 .text          0x08000f94       0x40 C:/ST/STM32CubeIDE_1.15.0/STM32CubeIDE/plugins/com.st.stm32cube.ide.mcu.externaltools.gnu-tools-for-stm32.12.3.rel1.win32_1.0.100.202403111256/tools/bin/../lib/gcc/arm-none-eabi/12.3.1/thumb/v7e-m+fp/hard\libgcc.a(_fixunssfdi.o)
                0x08000f94                __fixunssfdi
                0x08000f94                __aeabi_f2ulz
 .text          0x08000fd4      0x2bc C:/ST/STM32CubeIDE_1.15.0/STM32CubeIDE/plugins/com.st.stm32cube.ide.mcu.externaltools.gnu-tools-for-stm32.12.3.rel1.win32_1.0.100.202403111256/tools/bin/../lib/gcc/arm-none-eabi/12.3.1/thumb/v7e-m+fp/hard\libgcc.a(_udivmoddi4.o)
                0x08000fd4                __udivmoddi4
 .text          0x08001290        0x4 C:/ST/STM32CubeIDE_1.15.0/STM32CubeIDE/plugins/com.st.stm32cube.ide.mcu.externaltools.gnu-tools-for-stm32.12.3.rel1.win32_1.0.100.202403111256/tools/bin/../lib/gcc/arm-none-eabi/12.3.1/thumb/v7e-m+fp/hard\libgcc.a(_dvmd_tls.o)
                0x08001290                __aeabi_idiv0
                0x08001290                __aeabi_ldiv0
 *(.text*)
 .text.disable_interrupts
                0x08001294       0x12 ./Core/Src/acc_hal_integration_stm32cube_xe121_single_sensor.o
 .text.enable_interrupts
                0x080012a6       0x18 ./Core/Src/acc_hal_integration_stm32cube_xe121_single_sensor.o
 *fill*         0x080012be        0x2 
 .text.acc_hal_integration_sensor_transfer
                0x080012c0       0x78 ./Core/Src/acc_hal_integration_stm32cube_xe121_single_sensor.o
 .text.acc_hal_integration_sensor_supply_on
                0x08001338       0x20 ./Core/Src/acc_hal_integration_stm32cube_xe121_single_sensor.o
                0x08001338                acc_hal_integration_sensor_supply_on
 .text.acc_hal_integration_sensor_supply_off
                0x08001358       0x20 ./Core/Src/acc_hal_integration_stm32cube_xe121_single_sensor.o
                0x08001358                acc_hal_integration_sensor_supply_off
 .text.acc_hal_integration_sensor_enable
                0x08001378       0x38 ./Core/Src/acc_hal_integration_stm32cube_xe121_single_sensor.o
                0x08001378                acc_hal_integration_sensor_enable
 .text.acc_hal_integration_sensor_disable
                0x080013b0       0x38 ./Core/Src/acc_hal_integration_stm32cube_xe121_single_sensor.o
                0x080013b0                acc_hal_integration_sensor_disable
 .text.acc_hal_integration_wait_for_sensor_interrupt
                0x080013e8       0x94 ./Core/Src/acc_hal_integration_stm32cube_xe121_single_sensor.o
                0x080013e8                acc_hal_integration_wait_for_sensor_interrupt
 .text.acc_hal_rss_integration_get_implementation
                0x0800147c       0x14 ./Core/Src/acc_hal_integration_stm32cube_xe121_single_sensor.o
                0x0800147c                acc_hal_rss_integration_get_implementation
 .text.acc_integration_log
                0x08001490      0x138 ./Core/Src/acc_integration_log.o
                0x08001490                acc_integration_log
 .text.acc_integration_sleep_us
                0x080015c8       0x28 ./Core/Src/acc_integration_stm32.o
                0x080015c8                acc_integration_sleep_us
 .text.acc_integration_get_time
                0x080015f0        0xe ./Core/Src/acc_integration_stm32.o
                0x080015f0                acc_integration_get_time
 .text.acc_integration_mem_alloc
                0x080015fe       0x18 ./Core/Src/acc_integration_stm32.o
                0x080015fe                acc_integration_mem_alloc
 .text.acc_integration_mem_free
                0x08001616       0x16 ./Core/Src/acc_integration_stm32.o
                0x08001616                acc_integration_mem_free
 .text.CANSPI_Initialize
                0x0800162c      0x160 ./Core/Src/canspi.o
                0x0800162c                CANSPI_Initialize
 .text.CANSPI_Transmit
                0x0800178c       0xf0 ./Core/Src/canspi.o
                0x0800178c                CANSPI_Transmit
 .text.convertCANid2Reg
                0x0800187c       0xaa ./Core/Src/canspi.o
 *fill*         0x08001926        0x2 
 .text.acc_example_detector_distance_with_iq_data_print
                0x08001928      0x26c ./Core/Src/example_detector_distance_with_iq_data_print.o
                0x08001928                acc_example_detector_distance_with_iq_data_print
 .text.cleanup  0x08001b94       0x56 ./Core/Src/example_detector_distance_with_iq_data_print.o
 *fill*         0x08001bea        0x2 
 .text.set_config
                0x08001bec       0xf8 ./Core/Src/example_detector_distance_with_iq_data_print.o
 .text.initialize_detector_resources
                0x08001ce4       0xb4 ./Core/Src/example_detector_distance_with_iq_data_print.o
 .text.do_sensor_calibration
                0x08001d98       0xaa ./Core/Src/example_detector_distance_with_iq_data_print.o
 .text.do_full_detector_calibration
                0x08001e42       0x7e ./Core/Src/example_detector_distance_with_iq_data_print.o
 .text.do_detector_recalibration
                0x08001ec0       0x7e ./Core/Src/example_detector_distance_with_iq_data_print.o
 *fill*         0x08001f3e        0x2 
 .text.do_detector_get_next
                0x08001f40      0x11c ./Core/Src/example_detector_distance_with_iq_data_print.o
 .text.print_iq_data
                0x0800205c      0x156 ./Core/Src/example_detector_distance_with_iq_data_print.o
 *fill*         0x080021b2        0x6 
 .text.print_distance_result
                0x080021b8      0x2d4 ./Core/Src/example_detector_distance_with_iq_data_print.o
 .text.main     0x0800248c       0x6c ./Core/Src/main.o
                0x0800248c                main
 .text.SystemClock_Config
                0x080024f8       0xd4 ./Core/Src/main.o
                0x080024f8                SystemClock_Config
 .text.MX_SPI1_Init
                0x080025cc       0x6c ./Core/Src/main.o
 .text.MX_SPI2_Init
                0x08002638       0x6c ./Core/Src/main.o
 .text.MX_TIM2_Init
                0x080026a4       0x98 ./Core/Src/main.o
 .text.MX_GPIO_Init
                0x0800273c       0xf0 ./Core/Src/main.o
 .text.Error_Handler
                0x0800282c        0xc ./Core/Src/main.o
                0x0800282c                Error_Handler
 .text.MCP2515_Initialize
                0x08002838       0x44 ./Core/Src/mcp2515.o
                0x08002838                MCP2515_Initialize
 .text.MCP2515_SetConfigMode
                0x0800287c       0x3c ./Core/Src/mcp2515.o
                0x0800287c                MCP2515_SetConfigMode
 .text.MCP2515_SetNormalMode
                0x080028b8       0x3c ./Core/Src/mcp2515.o
                0x080028b8                MCP2515_SetNormalMode
 .text.MCP2515_ReadByte
                0x080028f4       0x48 ./Core/Src/mcp2515.o
                0x080028f4                MCP2515_ReadByte
 .text.MCP2515_WriteByte
                0x0800293c       0x4c ./Core/Src/mcp2515.o
                0x0800293c                MCP2515_WriteByte
 .text.MCP2515_WriteByteSequence
                0x08002988       0x58 ./Core/Src/mcp2515.o
                0x08002988                MCP2515_WriteByteSequence
 .text.MCP2515_LoadTxSequence
                0x080029e0       0x58 ./Core/Src/mcp2515.o
                0x080029e0                MCP2515_LoadTxSequence
 .text.MCP2515_RequestToSend
                0x08002a38       0x38 ./Core/Src/mcp2515.o
                0x08002a38                MCP2515_RequestToSend
 .text.MCP2515_ReadStatus
                0x08002a70       0x3c ./Core/Src/mcp2515.o
                0x08002a70                MCP2515_ReadStatus
 .text.SPI_Tx   0x08002aac       0x24 ./Core/Src/mcp2515.o
 .text.SPI_TxBuffer
                0x08002ad0       0x28 ./Core/Src/mcp2515.o
 .text.SPI_Rx   0x08002af8       0x20 ./Core/Src/mcp2515.o
 .text.HAL_MspInit
                0x08002b18       0x50 ./Core/Src/stm32f4xx_hal_msp.o
                0x08002b18                HAL_MspInit
 .text.HAL_SPI_MspInit
                0x08002b68       0xfc ./Core/Src/stm32f4xx_hal_msp.o
                0x08002b68                HAL_SPI_MspInit
 .text.HAL_TIM_Base_MspInit
                0x08002c64       0x40 ./Core/Src/stm32f4xx_hal_msp.o
                0x08002c64                HAL_TIM_Base_MspInit
 .text.NMI_Handler
                0x08002ca4        0x8 ./Core/Src/stm32f4xx_it.o
                0x08002ca4                NMI_Handler
 .text.HardFault_Handler
                0x08002cac        0x8 ./Core/Src/stm32f4xx_it.o
                0x08002cac                HardFault_Handler
 .text.MemManage_Handler
                0x08002cb4        0x8 ./Core/Src/stm32f4xx_it.o
                0x08002cb4                MemManage_Handler
 .text.BusFault_Handler
                0x08002cbc        0x8 ./Core/Src/stm32f4xx_it.o
                0x08002cbc                BusFault_Handler
 .text.UsageFault_Handler
                0x08002cc4        0x8 ./Core/Src/stm32f4xx_it.o
                0x08002cc4                UsageFault_Handler
 .text.SVC_Handler
                0x08002ccc        0xe ./Core/Src/stm32f4xx_it.o
                0x08002ccc                SVC_Handler
 .text.DebugMon_Handler
                0x08002cda        0xe ./Core/Src/stm32f4xx_it.o
                0x08002cda                DebugMon_Handler
 .text.PendSV_Handler
                0x08002ce8        0xe ./Core/Src/stm32f4xx_it.o
                0x08002ce8                PendSV_Handler
 .text.SysTick_Handler
                0x08002cf6        0xc ./Core/Src/stm32f4xx_it.o
                0x08002cf6                SysTick_Handler
 .text.EXTI4_IRQHandler
                0x08002d02        0xe ./Core/Src/stm32f4xx_it.o
                0x08002d02                EXTI4_IRQHandler
 .text._getpid  0x08002d10       0x10 ./Core/Src/syscalls.o
                0x08002d10                _getpid
 .text._kill    0x08002d20       0x20 ./Core/Src/syscalls.o
                0x08002d20                _kill
 .text._exit    0x08002d40       0x16 ./Core/Src/syscalls.o
                0x08002d40                _exit
 .text._read    0x08002d56       0x3a ./Core/Src/syscalls.o
                0x08002d56                _read
 .text._write   0x08002d90       0x38 ./Core/Src/syscalls.o
                0x08002d90                _write
 .text._close   0x08002dc8       0x18 ./Core/Src/syscalls.o
                0x08002dc8                _close
 .text._fstat   0x08002de0       0x20 ./Core/Src/syscalls.o
                0x08002de0                _fstat
 .text._isatty  0x08002e00       0x16 ./Core/Src/syscalls.o
                0x08002e00                _isatty
 .text._lseek   0x08002e16       0x1a ./Core/Src/syscalls.o
                0x08002e16                _lseek
 .text._sbrk    0x08002e30       0x6c ./Core/Src/sysmem.o
                0x08002e30                _sbrk
 .text.SystemInit
                0x08002e9c       0x24 ./Core/Src/system_stm32f4xx.o
                0x08002e9c                SystemInit
 .text.Set_PWM_Duty_Cycle
                0x08002ec0       0x28 ./Core/Src/utility.o
                0x08002ec0                Set_PWM_Duty_Cycle
 .text.Reset_Handler
                0x08002ee8       0x50 ./Core/Startup/startup_stm32f401ccux.o
                0x08002ee8                Reset_Handler
 .text.Default_Handler
                0x08002f38        0x2 ./Core/Startup/startup_stm32f401ccux.o
                0x08002f38                RTC_Alarm_IRQHandler
                0x08002f38                EXTI2_IRQHandler
                0x08002f38                SPI4_IRQHandler
                0x08002f38                TIM1_CC_IRQHandler
                0x08002f38                DMA2_Stream5_IRQHandler
                0x08002f38                DMA1_Stream5_IRQHandler
                0x08002f38                PVD_IRQHandler
                0x08002f38                SDIO_IRQHandler
                0x08002f38                TAMP_STAMP_IRQHandler
                0x08002f38                EXTI3_IRQHandler
                0x08002f38                TIM1_UP_TIM10_IRQHandler
                0x08002f38                I2C3_ER_IRQHandler
                0x08002f38                EXTI0_IRQHandler
                0x08002f38                I2C2_EV_IRQHandler
                0x08002f38                DMA1_Stream2_IRQHandler
                0x08002f38                FPU_IRQHandler
                0x08002f38                DMA2_Stream2_IRQHandler
                0x08002f38                SPI1_IRQHandler
                0x08002f38                TIM1_BRK_TIM9_IRQHandler
                0x08002f38                DMA2_Stream3_IRQHandler
                0x08002f38                USART6_IRQHandler
                0x08002f38                DMA2_Stream0_IRQHandler
                0x08002f38                TIM4_IRQHandler
                0x08002f38                I2C1_EV_IRQHandler
                0x08002f38                DMA1_Stream6_IRQHandler
                0x08002f38                DMA1_Stream1_IRQHandler
                0x08002f38                TIM3_IRQHandler
                0x08002f38                RCC_IRQHandler
                0x08002f38                Default_Handler
                0x08002f38                EXTI15_10_IRQHandler
                0x08002f38                ADC_IRQHandler
                0x08002f38                DMA1_Stream7_IRQHandler
                0x08002f38                TIM5_IRQHandler
                0x08002f38                DMA2_Stream7_IRQHandler
                0x08002f38                I2C3_EV_IRQHandler
                0x08002f38                EXTI9_5_IRQHandler
                0x08002f38                RTC_WKUP_IRQHandler
                0x08002f38                SPI2_IRQHandler
                0x08002f38                DMA1_Stream0_IRQHandler
                0x08002f38                WWDG_IRQHandler
                0x08002f38                TIM2_IRQHandler
                0x08002f38                OTG_FS_WKUP_IRQHandler
                0x08002f38                TIM1_TRG_COM_TIM11_IRQHandler
                0x08002f38                EXTI1_IRQHandler
                0x08002f38                USART2_IRQHandler
                0x08002f38                I2C2_ER_IRQHandler
                0x08002f38                DMA2_Stream1_IRQHandler
                0x08002f38                FLASH_IRQHandler
                0x08002f38                DMA2_Stream4_IRQHandler
                0x08002f38                USART1_IRQHandler
                0x08002f38                OTG_FS_IRQHandler
                0x08002f38                SPI3_IRQHandler
                0x08002f38                DMA1_Stream4_IRQHandler
                0x08002f38                I2C1_ER_IRQHandler
                0x08002f38                DMA2_Stream6_IRQHandler
                0x08002f38                DMA1_Stream3_IRQHandler
 *fill*         0x08002f3a        0x2 
 .text.HAL_Init
                0x08002f3c       0x44 ./Drivers/STM32F4xx_HAL_Driver/Src/stm32f4xx_hal.o
                0x08002f3c                HAL_Init
 .text.HAL_InitTick
                0x08002f80       0x60 ./Drivers/STM32F4xx_HAL_Driver/Src/stm32f4xx_hal.o
                0x08002f80                HAL_InitTick
 .text.HAL_IncTick
                0x08002fe0       0x28 ./Drivers/STM32F4xx_HAL_Driver/Src/stm32f4xx_hal.o
                0x08002fe0                HAL_IncTick
 .text.HAL_GetTick
                0x08003008       0x18 ./Drivers/STM32F4xx_HAL_Driver/Src/stm32f4xx_hal.o
                0x08003008                HAL_GetTick
 .text.HAL_Delay
                0x08003020       0x48 ./Drivers/STM32F4xx_HAL_Driver/Src/stm32f4xx_hal.o
                0x08003020                HAL_Delay
 .text.__NVIC_SetPriorityGrouping
                0x08003068       0x48 ./Drivers/STM32F4xx_HAL_Driver/Src/stm32f4xx_hal_cortex.o
 .text.__NVIC_GetPriorityGrouping
                0x080030b0       0x1c ./Drivers/STM32F4xx_HAL_Driver/Src/stm32f4xx_hal_cortex.o
 .text.__NVIC_EnableIRQ
                0x080030cc       0x3c ./Drivers/STM32F4xx_HAL_Driver/Src/stm32f4xx_hal_cortex.o
 .text.__NVIC_SetPriority
                0x08003108       0x54 ./Drivers/STM32F4xx_HAL_Driver/Src/stm32f4xx_hal_cortex.o
 .text.NVIC_EncodePriority
                0x0800315c       0x66 ./Drivers/STM32F4xx_HAL_Driver/Src/stm32f4xx_hal_cortex.o
 *fill*         0x080031c2        0x2 
 .text.SysTick_Config
                0x080031c4       0x44 ./Drivers/STM32F4xx_HAL_Driver/Src/stm32f4xx_hal_cortex.o
 .text.HAL_NVIC_SetPriorityGrouping
                0x08003208       0x16 ./Drivers/STM32F4xx_HAL_Driver/Src/stm32f4xx_hal_cortex.o
                0x08003208                HAL_NVIC_SetPriorityGrouping
 .text.HAL_NVIC_SetPriority
                0x0800321e       0x38 ./Drivers/STM32F4xx_HAL_Driver/Src/stm32f4xx_hal_cortex.o
                0x0800321e                HAL_NVIC_SetPriority
 .text.HAL_NVIC_EnableIRQ
                0x08003256       0x1c ./Drivers/STM32F4xx_HAL_Driver/Src/stm32f4xx_hal_cortex.o
                0x08003256                HAL_NVIC_EnableIRQ
 .text.HAL_SYSTICK_Config
                0x08003272       0x18 ./Drivers/STM32F4xx_HAL_Driver/Src/stm32f4xx_hal_cortex.o
                0x08003272                HAL_SYSTICK_Config
 *fill*         0x0800328a        0x2 
 .text.HAL_GPIO_Init
                0x0800328c      0x308 ./Drivers/STM32F4xx_HAL_Driver/Src/stm32f4xx_hal_gpio.o
                0x0800328c                HAL_GPIO_Init
 .text.HAL_GPIO_ReadPin
                0x08003594       0x30 ./Drivers/STM32F4xx_HAL_Driver/Src/stm32f4xx_hal_gpio.o
                0x08003594                HAL_GPIO_ReadPin
 .text.HAL_GPIO_WritePin
                0x080035c4       0x32 ./Drivers/STM32F4xx_HAL_Driver/Src/stm32f4xx_hal_gpio.o
                0x080035c4                HAL_GPIO_WritePin
 *fill*         0x080035f6        0x2 
 .text.HAL_GPIO_EXTI_IRQHandler
                0x080035f8       0x30 ./Drivers/STM32F4xx_HAL_Driver/Src/stm32f4xx_hal_gpio.o
                0x080035f8                HAL_GPIO_EXTI_IRQHandler
 .text.HAL_GPIO_EXTI_Callback
                0x08003628       0x16 ./Drivers/STM32F4xx_HAL_Driver/Src/stm32f4xx_hal_gpio.o
                0x08003628                HAL_GPIO_EXTI_Callback
 *fill*         0x0800363e        0x2 
 .text.HAL_RCC_OscConfig
                0x08003640      0x4f0 ./Drivers/STM32F4xx_HAL_Driver/Src/stm32f4xx_hal_rcc.o
                0x08003640                HAL_RCC_OscConfig
 .text.HAL_RCC_ClockConfig
                0x08003b30      0x1cc ./Drivers/STM32F4xx_HAL_Driver/Src/stm32f4xx_hal_rcc.o
                0x08003b30                HAL_RCC_ClockConfig
 .text.HAL_RCC_GetSysClockFreq
                0x08003cfc      0x18c ./Drivers/STM32F4xx_HAL_Driver/Src/stm32f4xx_hal_rcc.o
                0x08003cfc                HAL_RCC_GetSysClockFreq
 .text.HAL_SPI_Init
                0x08003e88      0x112 ./Drivers/STM32F4xx_HAL_Driver/Src/stm32f4xx_hal_spi.o
                0x08003e88                HAL_SPI_Init
 .text.HAL_SPI_Transmit
                0x08003f9a      0x286 ./Drivers/STM32F4xx_HAL_Driver/Src/stm32f4xx_hal_spi.o
                0x08003f9a                HAL_SPI_Transmit
 .text.HAL_SPI_Receive
                0x08004220      0x230 ./Drivers/STM32F4xx_HAL_Driver/Src/stm32f4xx_hal_spi.o
                0x08004220                HAL_SPI_Receive
 .text.HAL_SPI_TransmitReceive
                0x08004450      0x360 ./Drivers/STM32F4xx_HAL_Driver/Src/stm32f4xx_hal_spi.o
                0x08004450                HAL_SPI_TransmitReceive
 .text.HAL_SPI_GetState
                0x080047b0       0x1c ./Drivers/STM32F4xx_HAL_Driver/Src/stm32f4xx_hal_spi.o
                0x080047b0                HAL_SPI_GetState
 .text.SPI_WaitFlagStateUntilTimeout
                0x080047cc      0x110 ./Drivers/STM32F4xx_HAL_Driver/Src/stm32f4xx_hal_spi.o
 .text.SPI_EndRxTransaction
                0x080048dc       0xca ./Drivers/STM32F4xx_HAL_Driver/Src/stm32f4xx_hal_spi.o
 *fill*         0x080049a6        0x2 
 .text.SPI_EndRxTxTransaction
                0x080049a8       0xa8 ./Drivers/STM32F4xx_HAL_Driver/Src/stm32f4xx_hal_spi.o
 .text.HAL_TIM_Base_Init
                0x08004a50       0x9e ./Drivers/STM32F4xx_HAL_Driver/Src/stm32f4xx_hal_tim.o
                0x08004a50                HAL_TIM_Base_Init
 *fill*         0x08004aee        0x2 
 .text.HAL_TIM_PWM_Start
                0x08004af0      0x160 ./Drivers/STM32F4xx_HAL_Driver/Src/stm32f4xx_hal_tim.o
                0x08004af0                HAL_TIM_PWM_Start
 .text.HAL_TIM_ConfigClockSource
                0x08004c50      0x18e ./Drivers/STM32F4xx_HAL_Driver/Src/stm32f4xx_hal_tim.o
                0x08004c50                HAL_TIM_ConfigClockSource
 *fill*         0x08004dde        0x2 
 .text.TIM_Base_SetConfig
                0x08004de0      0x118 ./Drivers/STM32F4xx_HAL_Driver/Src/stm32f4xx_hal_tim.o
                0x08004de0                TIM_Base_SetConfig
 .text.TIM_TI1_ConfigInputStage
                0x08004ef8       0x5e ./Drivers/STM32F4xx_HAL_Driver/Src/stm32f4xx_hal_tim.o
 .text.TIM_TI2_ConfigInputStage
                0x08004f56       0x60 ./Drivers/STM32F4xx_HAL_Driver/Src/stm32f4xx_hal_tim.o
 .text.TIM_ITRx_SetConfig
                0x08004fb6       0x36 ./Drivers/STM32F4xx_HAL_Driver/Src/stm32f4xx_hal_tim.o
 .text.TIM_ETR_SetConfig
                0x08004fec       0x40 ./Drivers/STM32F4xx_HAL_Driver/Src/stm32f4xx_hal_tim.o
                0x08004fec                TIM_ETR_SetConfig
 .text.TIM_CCxChannelCmd
                0x0800502c       0x4a ./Drivers/STM32F4xx_HAL_Driver/Src/stm32f4xx_hal_tim.o
                0x0800502c                TIM_CCxChannelCmd
 *fill*         0x08005076        0x2 
 .text.HAL_TIMEx_MasterConfigSynchronization
                0x08005078       0xdc ./Drivers/STM32F4xx_HAL_Driver/Src/stm32f4xx_hal_tim_ex.o
                0x08005078                HAL_TIMEx_MasterConfigSynchronization
 .text.create_measurement_resources
                0x08005154       0x70 C:\Users\ryant\jims_projects\sensor_workspace\can_a121_shoot\cortex_m4_gcc\rss\lib\libacc_detector_distance_a121.a(acc_detector_distance.o)
 .text.create_noise_calibration_resources
                0x080051c4       0x3c C:\Users\ryant\jims_projects\sensor_workspace\can_a121_shoot\cortex_m4_gcc\rss\lib\libacc_detector_distance_a121.a(acc_detector_distance.o)
 .text.prepare_and_measure
                0x08005200       0x20 C:\Users\ryant\jims_projects\sensor_workspace\can_a121_shoot\cortex_m4_gcc\rss\lib\libacc_detector_distance_a121.a(acc_detector_distance.o)
 .text.validate_distance_config.part.0
                0x08005220       0x18 C:\Users\ryant\jims_projects\sensor_workspace\can_a121_shoot\cortex_m4_gcc\rss\lib\libacc_detector_distance_a121.a(acc_detector_distance.o)
 .text.validate_distance_handle.part.0
                0x08005238       0x18 C:\Users\ryant\jims_projects\sensor_workspace\can_a121_shoot\cortex_m4_gcc\rss\lib\libacc_detector_distance_a121.a(acc_detector_distance.o)
 .text.detector_has_close_range
                0x08005250       0x24 C:\Users\ryant\jims_projects\sensor_workspace\can_a121_shoot\cortex_m4_gcc\rss\lib\libacc_detector_distance_a121.a(acc_detector_distance.o)
 .text.detector_has_far_range
                0x08005274       0x24 C:\Users\ryant\jims_projects\sensor_workspace\can_a121_shoot\cortex_m4_gcc\rss\lib\libacc_detector_distance_a121.a(acc_detector_distance.o)
 .text.decide_next_measurement_type
                0x08005298       0x1c C:\Users\ryant\jims_projects\sensor_workspace\can_a121_shoot\cortex_m4_gcc\rss\lib\libacc_detector_distance_a121.a(acc_detector_distance.o)
 .text.acc_detector_distance_config_create
                0x080052b4       0x3c C:\Users\ryant\jims_projects\sensor_workspace\can_a121_shoot\cortex_m4_gcc\rss\lib\libacc_detector_distance_a121.a(acc_detector_distance.o)
                0x080052b4                acc_detector_distance_config_create
 .text.acc_detector_distance_config_destroy
                0x080052f0       0x1c C:\Users\ryant\jims_projects\sensor_workspace\can_a121_shoot\cortex_m4_gcc\rss\lib\libacc_detector_distance_a121.a(acc_detector_distance.o)
                0x080052f0                acc_detector_distance_config_destroy
 .text.acc_detector_distance_get_buffer_sizes
                0x0800530c       0x2c C:\Users\ryant\jims_projects\sensor_workspace\can_a121_shoot\cortex_m4_gcc\rss\lib\libacc_detector_distance_a121.a(acc_detector_distance.o)
                0x0800530c                acc_detector_distance_get_buffer_sizes
 .text.acc_detector_distance_destroy
                0x08005338       0xac C:\Users\ryant\jims_projects\sensor_workspace\can_a121_shoot\cortex_m4_gcc\rss\lib\libacc_detector_distance_a121.a(acc_detector_distance.o)
                0x08005338                acc_detector_distance_destroy
 .text.acc_detector_distance_create
                0x080053e4      0x25c C:\Users\ryant\jims_projects\sensor_workspace\can_a121_shoot\cortex_m4_gcc\rss\lib\libacc_detector_distance_a121.a(acc_detector_distance.o)
                0x080053e4                acc_detector_distance_create
 .text.acc_detector_distance_calibrate
                0x08005640      0x3c4 C:\Users\ryant\jims_projects\sensor_workspace\can_a121_shoot\cortex_m4_gcc\rss\lib\libacc_detector_distance_a121.a(acc_detector_distance.o)
                0x08005640                acc_detector_distance_calibrate
 .text.acc_detector_distance_recalibrate
                0x08005a04      0x14c C:\Users\ryant\jims_projects\sensor_workspace\can_a121_shoot\cortex_m4_gcc\rss\lib\libacc_detector_distance_a121.a(acc_detector_distance.o)
                0x08005a04                acc_detector_distance_recalibrate
 .text.acc_detector_distance_prepare
                0x08005b50       0x4c C:\Users\ryant\jims_projects\sensor_workspace\can_a121_shoot\cortex_m4_gcc\rss\lib\libacc_detector_distance_a121.a(acc_detector_distance.o)
                0x08005b50                acc_detector_distance_prepare
 .text.acc_detector_distance_process
                0x08005b9c      0x1e8 C:\Users\ryant\jims_projects\sensor_workspace\can_a121_shoot\cortex_m4_gcc\rss\lib\libacc_detector_distance_a121.a(acc_detector_distance.o)
                0x08005b9c                acc_detector_distance_process
 .text.acc_detector_distance_config_start_set
                0x08005d84       0x18 C:\Users\ryant\jims_projects\sensor_workspace\can_a121_shoot\cortex_m4_gcc\rss\lib\libacc_detector_distance_a121.a(acc_detector_distance.o)
                0x08005d84                acc_detector_distance_config_start_set
 .text.acc_detector_distance_config_end_set
                0x08005d9c       0x18 C:\Users\ryant\jims_projects\sensor_workspace\can_a121_shoot\cortex_m4_gcc\rss\lib\libacc_detector_distance_a121.a(acc_detector_distance.o)
                0x08005d9c                acc_detector_distance_config_end_set
 .text.acc_detector_distance_config_max_step_length_set
                0x08005db4       0x18 C:\Users\ryant\jims_projects\sensor_workspace\can_a121_shoot\cortex_m4_gcc\rss\lib\libacc_detector_distance_a121.a(acc_detector_distance.o)
                0x08005db4                acc_detector_distance_config_max_step_length_set
 .text.acc_detector_distance_config_close_range_leakage_cancellation_set
                0x08005dcc       0x18 C:\Users\ryant\jims_projects\sensor_workspace\can_a121_shoot\cortex_m4_gcc\rss\lib\libacc_detector_distance_a121.a(acc_detector_distance.o)
                0x08005dcc                acc_detector_distance_config_close_range_leakage_cancellation_set
 .text.acc_detector_distance_config_signal_quality_set
                0x08005de4       0x18 C:\Users\ryant\jims_projects\sensor_workspace\can_a121_shoot\cortex_m4_gcc\rss\lib\libacc_detector_distance_a121.a(acc_detector_distance.o)
                0x08005de4                acc_detector_distance_config_signal_quality_set
 .text.acc_detector_distance_config_max_profile_set
                0x08005dfc       0x18 C:\Users\ryant\jims_projects\sensor_workspace\can_a121_shoot\cortex_m4_gcc\rss\lib\libacc_detector_distance_a121.a(acc_detector_distance.o)
                0x08005dfc                acc_detector_distance_config_max_profile_set
 .text.acc_detector_distance_config_threshold_method_set
                0x08005e14       0x18 C:\Users\ryant\jims_projects\sensor_workspace\can_a121_shoot\cortex_m4_gcc\rss\lib\libacc_detector_distance_a121.a(acc_detector_distance.o)
                0x08005e14                acc_detector_distance_config_threshold_method_set
 .text.acc_detector_distance_config_peak_sorting_set
                0x08005e2c       0x18 C:\Users\ryant\jims_projects\sensor_workspace\can_a121_shoot\cortex_m4_gcc\rss\lib\libacc_detector_distance_a121.a(acc_detector_distance.o)
                0x08005e2c                acc_detector_distance_config_peak_sorting_set
 .text.acc_detector_distance_config_num_frames_recorded_threshold_set
                0x08005e44       0x18 C:\Users\ryant\jims_projects\sensor_workspace\can_a121_shoot\cortex_m4_gcc\rss\lib\libacc_detector_distance_a121.a(acc_detector_distance.o)
                0x08005e44                acc_detector_distance_config_num_frames_recorded_threshold_set
 .text.acc_detector_distance_config_threshold_sensitivity_set
                0x08005e5c       0x18 C:\Users\ryant\jims_projects\sensor_workspace\can_a121_shoot\cortex_m4_gcc\rss\lib\libacc_detector_distance_a121.a(acc_detector_distance.o)
                0x08005e5c                acc_detector_distance_config_threshold_sensitivity_set
 .text.acc_detector_distance_config_reflector_shape_set
                0x08005e74       0x18 C:\Users\ryant\jims_projects\sensor_workspace\can_a121_shoot\cortex_m4_gcc\rss\lib\libacc_detector_distance_a121.a(acc_detector_distance.o)
                0x08005e74                acc_detector_distance_config_reflector_shape_set
 .text.acc_detector_distance_config_log
                0x08005e8c      0x544 C:\Users\ryant\jims_projects\sensor_workspace\can_a121_shoot\cortex_m4_gcc\rss\lib\libacc_detector_distance_a121.a(acc_detector_distance.o)
                0x08005e8c                acc_detector_distance_config_log
 .text.validate_aggregator_handle.part.0
                0x080063d0       0x18 C:\Users\ryant\jims_projects\sensor_workspace\can_a121_shoot\cortex_m4_gcc\rss\lib\libacc_detector_distance_a121.a(acc_detector_distance_aggregator.o)
 .text.acc_detector_distance_aggregator_get_buffer_sizes
                0x080063e8       0x28 C:\Users\ryant\jims_projects\sensor_workspace\can_a121_shoot\cortex_m4_gcc\rss\lib\libacc_detector_distance_a121.a(acc_detector_distance_aggregator.o)
                0x080063e8                acc_detector_distance_aggregator_get_buffer_sizes
 .text.acc_detector_distance_aggregator_create
                0x08006410      0x120 C:\Users\ryant\jims_projects\sensor_workspace\can_a121_shoot\cortex_m4_gcc\rss\lib\libacc_detector_distance_a121.a(acc_detector_distance_aggregator.o)
                0x08006410                acc_detector_distance_aggregator_create
 .text.acc_detector_distance_aggregator_destroy
                0x08006530       0x34 C:\Users\ryant\jims_projects\sensor_workspace\can_a121_shoot\cortex_m4_gcc\rss\lib\libacc_detector_distance_a121.a(acc_detector_distance_aggregator.o)
                0x08006530                acc_detector_distance_aggregator_destroy
 .text.acc_detector_distance_aggregator_calibrate
                0x08006564       0xa4 C:\Users\ryant\jims_projects\sensor_workspace\can_a121_shoot\cortex_m4_gcc\rss\lib\libacc_detector_distance_a121.a(acc_detector_distance_aggregator.o)
                0x08006564                acc_detector_distance_aggregator_calibrate
 .text.acc_detector_distance_aggregator_calibration_needed
                0x08006608       0x44 C:\Users\ryant\jims_projects\sensor_workspace\can_a121_shoot\cortex_m4_gcc\rss\lib\libacc_detector_distance_a121.a(acc_detector_distance_aggregator.o)
                0x08006608                acc_detector_distance_aggregator_calibration_needed
 .text.acc_detector_distance_aggregator_process
                0x0800664c      0x22c C:\Users\ryant\jims_projects\sensor_workspace\can_a121_shoot\cortex_m4_gcc\rss\lib\libacc_detector_distance_a121.a(acc_detector_distance_aggregator.o)
                0x0800664c                acc_detector_distance_aggregator_process
 .text.reverse  0x08006878       0x44 C:\Users\ryant\jims_projects\sensor_workspace\can_a121_shoot\cortex_m4_gcc\rss\lib\libacc_detector_distance_a121.a(acc_detector_distance_alg.o)
 .text.merge_peak_range.part.0
                0x080068bc       0xac C:\Users\ryant\jims_projects\sensor_workspace\can_a121_shoot\cortex_m4_gcc\rss\lib\libacc_detector_distance_a121.a(acc_detector_distance_alg.o)
 .text.acc_detector_distance_alg_complex_filter
                0x08006968       0xac C:\Users\ryant\jims_projects\sensor_workspace\can_a121_shoot\cortex_m4_gcc\rss\lib\libacc_detector_distance_a121.a(acc_detector_distance_alg.o)
                0x08006968                acc_detector_distance_alg_complex_filter
 .text.acc_detector_distance_alg_odd_padding_add
                0x08006a14       0x98 C:\Users\ryant\jims_projects\sensor_workspace\can_a121_shoot\cortex_m4_gcc\rss\lib\libacc_detector_distance_a121.a(acc_detector_distance_alg.o)
                0x08006a14                acc_detector_distance_alg_odd_padding_add
 .text.acc_detector_distance_alg_filter_steady_state_calculate
                0x08006aac       0x60 C:\Users\ryant\jims_projects\sensor_workspace\can_a121_shoot\cortex_m4_gcc\rss\lib\libacc_detector_distance_a121.a(acc_detector_distance_alg.o)
                0x08006aac                acc_detector_distance_alg_filter_steady_state_calculate
 .text.acc_detector_distance_alg_filtfilt
                0x08006b0c       0xa8 C:\Users\ryant\jims_projects\sensor_workspace\can_a121_shoot\cortex_m4_gcc\rss\lib\libacc_detector_distance_a121.a(acc_detector_distance_alg.o)
                0x08006b0c                acc_detector_distance_alg_filtfilt
 .text.acc_detector_distance_alg_get_distance_filter_edge_margin
                0x08006bb4       0x3c C:\Users\ryant\jims_projects\sensor_workspace\can_a121_shoot\cortex_m4_gcc\rss\lib\libacc_detector_distance_a121.a(acc_detector_distance_alg.o)
                0x08006bb4                acc_detector_distance_alg_get_distance_filter_edge_margin
 .text.acc_detector_distance_alg_calculate_biquad_coeffs
                0x08006bf0       0xa4 C:\Users\ryant\jims_projects\sensor_workspace\can_a121_shoot\cortex_m4_gcc\rss\lib\libacc_detector_distance_a121.a(acc_detector_distance_alg.o)
                0x08006bf0                acc_detector_distance_alg_calculate_biquad_coeffs
 .text.acc_detector_distance_alg_get_distance_filter_coeffs
                0x08006c94       0x50 C:\Users\ryant\jims_projects\sensor_workspace\can_a121_shoot\cortex_m4_gcc\rss\lib\libacc_detector_distance_a121.a(acc_detector_distance_alg.o)
                0x08006c94                acc_detector_distance_alg_get_distance_filter_coeffs
 .text.acc_detector_distance_alg_calculate_cfar
                0x08006ce4       0x84 C:\Users\ryant\jims_projects\sensor_workspace\can_a121_shoot\cortex_m4_gcc\rss\lib\libacc_detector_distance_a121.a(acc_detector_distance_alg.o)
                0x08006ce4                acc_detector_distance_alg_calculate_cfar
 .text.acc_detector_distance_alg_cfar_window_length
                0x08006d68       0x50 C:\Users\ryant\jims_projects\sensor_workspace\can_a121_shoot\cortex_m4_gcc\rss\lib\libacc_detector_distance_a121.a(acc_detector_distance_alg.o)
                0x08006d68                acc_detector_distance_alg_cfar_window_length
 .text.acc_detector_distance_alg_cfar_guard_half_length
                0x08006db8       0x4c C:\Users\ryant\jims_projects\sensor_workspace\can_a121_shoot\cortex_m4_gcc\rss\lib\libacc_detector_distance_a121.a(acc_detector_distance_alg.o)
                0x08006db8                acc_detector_distance_alg_cfar_guard_half_length
 .text.acc_detector_distance_alg_cfar_margin
                0x08006e04       0x74 C:\Users\ryant\jims_projects\sensor_workspace\can_a121_shoot\cortex_m4_gcc\rss\lib\libacc_detector_distance_a121.a(acc_detector_distance_alg.o)
                0x08006e04                acc_detector_distance_alg_cfar_margin
 .text.acc_detector_distance_alg_calculate_threshold_recording
                0x08006e78       0xf4 C:\Users\ryant\jims_projects\sensor_workspace\can_a121_shoot\cortex_m4_gcc\rss\lib\libacc_detector_distance_a121.a(acc_detector_distance_alg.o)
                0x08006e78                acc_detector_distance_alg_calculate_threshold_recording
 .text.acc_detector_distance_alg_interpolate_peaks
                0x08006f6c      0x110 C:\Users\ryant\jims_projects\sensor_workspace\can_a121_shoot\cortex_m4_gcc\rss\lib\libacc_detector_distance_a121.a(acc_detector_distance_alg.o)
                0x08006f6c                acc_detector_distance_alg_interpolate_peaks
 .text.acc_detector_distance_alg_find_peaks
                0x0800707c       0xf8 C:\Users\ryant\jims_projects\sensor_workspace\can_a121_shoot\cortex_m4_gcc\rss\lib\libacc_detector_distance_a121.a(acc_detector_distance_alg.o)
                0x0800707c                acc_detector_distance_alg_find_peaks
 .text.acc_detector_distance_alg_peak_inplace_sort
                0x08007174       0xa8 C:\Users\ryant\jims_projects\sensor_workspace\can_a121_shoot\cortex_m4_gcc\rss\lib\libacc_detector_distance_a121.a(acc_detector_distance_alg.o)
                0x08007174                acc_detector_distance_alg_peak_inplace_sort
 .text.acc_detector_distance_alg_merge_peaks
                0x0800721c       0xb0 C:\Users\ryant\jims_projects\sensor_workspace\can_a121_shoot\cortex_m4_gcc\rss\lib\libacc_detector_distance_a121.a(acc_detector_distance_alg.o)
                0x0800721c                acc_detector_distance_alg_merge_peaks
 .text.acc_detector_distance_alg_get_loopback_peak_offset
                0x080072cc       0x48 C:\Users\ryant\jims_projects\sensor_workspace\can_a121_shoot\cortex_m4_gcc\rss\lib\libacc_detector_distance_a121.a(acc_detector_distance_alg.o)
                0x080072cc                acc_detector_distance_alg_get_loopback_peak_offset
 .text.acc_detector_distance_alg_phase_comp_mean_sweep
                0x08007314      0x238 C:\Users\ryant\jims_projects\sensor_workspace\can_a121_shoot\cortex_m4_gcc\rss\lib\libacc_detector_distance_a121.a(acc_detector_distance_alg.o)
                0x08007314                acc_detector_distance_alg_phase_comp_mean_sweep
 .text.acc_detector_distance_alg_argmaxf
                0x0800754c       0x40 C:\Users\ryant\jims_projects\sensor_workspace\can_a121_shoot\cortex_m4_gcc\rss\lib\libacc_detector_distance_a121.a(acc_detector_distance_alg.o)
                0x0800754c                acc_detector_distance_alg_argmaxf
 .text.acc_detector_distance_alg_zero_mean_stdf
                0x0800758c       0x3c C:\Users\ryant\jims_projects\sensor_workspace\can_a121_shoot\cortex_m4_gcc\rss\lib\libacc_detector_distance_a121.a(acc_detector_distance_alg.o)
                0x0800758c                acc_detector_distance_alg_zero_mean_stdf
 .text.acc_detector_distance_alg_calc_processing_gain
                0x080075c8       0xcc C:\Users\ryant\jims_projects\sensor_workspace\can_a121_shoot\cortex_m4_gcc\rss\lib\libacc_detector_distance_a121.a(acc_detector_distance_alg.o)
                0x080075c8                acc_detector_distance_alg_calc_processing_gain
 .text.acc_detector_distance_calibration_buffer_map_init
                0x08007694       0x28 C:\Users\ryant\jims_projects\sensor_workspace\can_a121_shoot\cortex_m4_gcc\rss\lib\libacc_detector_distance_a121.a(acc_detector_distance_calibration.o)
                0x08007694                acc_detector_distance_calibration_buffer_map_init
 .text.acc_detector_distance_calibration_buffer_bg_noise_array_get
                0x080076bc       0x10 C:\Users\ryant\jims_projects\sensor_workspace\can_a121_shoot\cortex_m4_gcc\rss\lib\libacc_detector_distance_a121.a(acc_detector_distance_calibration.o)
                0x080076bc                acc_detector_distance_calibration_buffer_bg_noise_array_get
 .text.acc_detector_distance_calibration_buffer_reference_temperature_get
                0x080076cc        0x8 C:\Users\ryant\jims_projects\sensor_workspace\can_a121_shoot\cortex_m4_gcc\rss\lib\libacc_detector_distance_a121.a(acc_detector_distance_calibration.o)
                0x080076cc                acc_detector_distance_calibration_buffer_reference_temperature_get
 .text.acc_detector_distance_calibration_buffer_loopback_peak_distance_get
                0x080076d4        0x8 C:\Users\ryant\jims_projects\sensor_workspace\can_a121_shoot\cortex_m4_gcc\rss\lib\libacc_detector_distance_a121.a(acc_detector_distance_calibration.o)
                0x080076d4                acc_detector_distance_calibration_buffer_loopback_peak_distance_get
 .text.acc_detector_distance_calibration_buffer_aggregator_partition_get
                0x080076dc        0x8 C:\Users\ryant\jims_projects\sensor_workspace\can_a121_shoot\cortex_m4_gcc\rss\lib\libacc_detector_distance_a121.a(acc_detector_distance_calibration.o)
                0x080076dc                acc_detector_distance_calibration_buffer_aggregator_partition_get
 .text.acc_detector_distance_calibration_offset_settings_set
                0x080076e4       0x68 C:\Users\ryant\jims_projects\sensor_workspace\can_a121_shoot\cortex_m4_gcc\rss\lib\libacc_detector_distance_a121.a(acc_detector_distance_calibration.o)
                0x080076e4                acc_detector_distance_calibration_offset_settings_set
 .text.acc_detector_distance_calibration_offset_process
                0x0800774c       0xc0 C:\Users\ryant\jims_projects\sensor_workspace\can_a121_shoot\cortex_m4_gcc\rss\lib\libacc_detector_distance_a121.a(acc_detector_distance_calibration.o)
                0x0800774c                acc_detector_distance_calibration_offset_process
 .text.acc_detector_distance_calibration_noise_settings_set
                0x0800780c      0x104 C:\Users\ryant\jims_projects\sensor_workspace\can_a121_shoot\cortex_m4_gcc\rss\lib\libacc_detector_distance_a121.a(acc_detector_distance_calibration.o)
                0x0800780c                acc_detector_distance_calibration_noise_settings_set
 .text.acc_detector_distance_calibration_noise_process
                0x08007910       0xdc C:\Users\ryant\jims_projects\sensor_workspace\can_a121_shoot\cortex_m4_gcc\rss\lib\libacc_detector_distance_a121.a(acc_detector_distance_calibration.o)
                0x08007910                acc_detector_distance_calibration_noise_process
 .text.get_radar_equation_parameters_for_distance
                0x080079ec       0xb4 C:\Users\ryant\jims_projects\sensor_workspace\can_a121_shoot\cortex_m4_gcc\rss\lib\libacc_detector_distance_a121.a(acc_detector_distance_processor.o)
 .text.map_calibration_buffer_data
                0x08007aa0       0x4c C:\Users\ryant\jims_projects\sensor_workspace\can_a121_shoot\cortex_m4_gcc\rss\lib\libacc_detector_distance_a121.a(acc_detector_distance_processor.o)
 .text.reset_calibration_state.part.0
                0x08007aec       0x3c C:\Users\ryant\jims_projects\sensor_workspace\can_a121_shoot\cortex_m4_gcc\rss\lib\libacc_detector_distance_a121.a(acc_detector_distance_processor.o)
 .text.process_subsweeps
                0x08007b28      0x13c C:\Users\ryant\jims_projects\sensor_workspace\can_a121_shoot\cortex_m4_gcc\rss\lib\libacc_detector_distance_a121.a(acc_detector_distance_processor.o)
 .text.acc_detector_distance_processor_get_buffer_sizes
                0x08007c64       0x3c C:\Users\ryant\jims_projects\sensor_workspace\can_a121_shoot\cortex_m4_gcc\rss\lib\libacc_detector_distance_a121.a(acc_detector_distance_processor.o)
                0x08007c64                acc_detector_distance_processor_get_buffer_sizes
 .text.acc_detector_distance_processor_create
                0x08007ca0      0x328 C:\Users\ryant\jims_projects\sensor_workspace\can_a121_shoot\cortex_m4_gcc\rss\lib\libacc_detector_distance_a121.a(acc_detector_distance_processor.o)
                0x08007ca0                acc_detector_distance_processor_create
 .text.acc_detector_distance_processor_destroy
                0x08007fc8        0xc C:\Users\ryant\jims_projects\sensor_workspace\can_a121_shoot\cortex_m4_gcc\rss\lib\libacc_detector_distance_a121.a(acc_detector_distance_processor.o)
                0x08007fc8                acc_detector_distance_processor_destroy
 .text.acc_detector_distance_processor_calibration_needed
                0x08007fd4       0x3c C:\Users\ryant\jims_projects\sensor_workspace\can_a121_shoot\cortex_m4_gcc\rss\lib\libacc_detector_distance_a121.a(acc_detector_distance_processor.o)
                0x08007fd4                acc_detector_distance_processor_calibration_needed
 .text.acc_detector_distance_processor_calibrate
                0x08008010      0x27c C:\Users\ryant\jims_projects\sensor_workspace\can_a121_shoot\cortex_m4_gcc\rss\lib\libacc_detector_distance_a121.a(acc_detector_distance_processor.o)
                0x08008010                acc_detector_distance_processor_calibrate
 .text.acc_detector_distance_processor_process
                0x0800828c      0x634 C:\Users\ryant\jims_projects\sensor_workspace\can_a121_shoot\cortex_m4_gcc\rss\lib\libacc_detector_distance_a121.a(acc_detector_distance_processor.o)
                0x0800828c                acc_detector_distance_processor_process
 .text.acc_detector_distance_processor_measurement_type_get
                0x080088c0       0x30 C:\Users\ryant\jims_projects\sensor_workspace\can_a121_shoot\cortex_m4_gcc\rss\lib\libacc_detector_distance_a121.a(acc_detector_distance_processor.o)
                0x080088c0                acc_detector_distance_processor_measurement_type_get
 .text.acc_detector_distance_processor_profile_get
                0x080088f0       0x30 C:\Users\ryant\jims_projects\sensor_workspace\can_a121_shoot\cortex_m4_gcc\rss\lib\libacc_detector_distance_a121.a(acc_detector_distance_processor.o)
                0x080088f0                acc_detector_distance_processor_profile_get
 .text.validate_distance_settings
                0x08008920      0x100 C:\Users\ryant\jims_projects\sensor_workspace\can_a121_shoot\cortex_m4_gcc\rss\lib\libacc_detector_distance_a121.a(acc_detector_distance_translation.o)
 .text.select_prf
                0x08008a20       0x94 C:\Users\ryant\jims_projects\sensor_workspace\can_a121_shoot\cortex_m4_gcc\rss\lib\libacc_detector_distance_a121.a(acc_detector_distance_translation.o)
 .text.sg_get_breakpoint_margin.constprop.0
                0x08008ab4       0x40 C:\Users\ryant\jims_projects\sensor_workspace\can_a121_shoot\cortex_m4_gcc\rss\lib\libacc_detector_distance_a121.a(acc_detector_distance_translation.o)
 .text.acc_detector_distance_translation_limit_step_length
                0x08008af4       0x78 C:\Users\ryant\jims_projects\sensor_workspace\can_a121_shoot\cortex_m4_gcc\rss\lib\libacc_detector_distance_a121.a(acc_detector_distance_translation.o)
                0x08008af4                acc_detector_distance_translation_limit_step_length
 .text.acc_detector_distance_translation_calc_leakage_free_min_dist
                0x08008b6c       0x68 C:\Users\ryant\jims_projects\sensor_workspace\can_a121_shoot\cortex_m4_gcc\rss\lib\libacc_detector_distance_a121.a(acc_detector_distance_translation.o)
                0x08008b6c                acc_detector_distance_translation_calc_leakage_free_min_dist
 .text.will_have_transition
                0x08008bd4       0x54 C:\Users\ryant\jims_projects\sensor_workspace\can_a121_shoot\cortex_m4_gcc\rss\lib\libacc_detector_distance_a121.a(acc_detector_distance_translation.o)
 .text.acc_detector_distance_translation_calculate_hwaas
                0x08008c28       0xd0 C:\Users\ryant\jims_projects\sensor_workspace\can_a121_shoot\cortex_m4_gcc\rss\lib\libacc_detector_distance_a121.a(acc_detector_distance_translation.o)
                0x08008c28                acc_detector_distance_translation_calculate_hwaas
 .text.create_group_plans
                0x08008cf8      0x5e0 C:\Users\ryant\jims_projects\sensor_workspace\can_a121_shoot\cortex_m4_gcc\rss\lib\libacc_detector_distance_a121.a(acc_detector_distance_translation.o)
 .text.processor_specs_translate
                0x080092d8      0x10c C:\Users\ryant\jims_projects\sensor_workspace\can_a121_shoot\cortex_m4_gcc\rss\lib\libacc_detector_distance_a121.a(acc_detector_distance_translation.o)
 .text.acc_detector_distance_translation_get_num_processor_specifications
                0x080093e4       0x1c C:\Users\ryant\jims_projects\sensor_workspace\can_a121_shoot\cortex_m4_gcc\rss\lib\libacc_detector_distance_a121.a(acc_detector_distance_translation.o)
                0x080093e4                acc_detector_distance_translation_get_num_processor_specifications
 .text.acc_detector_distance_translation_get_processor_specifications
                0x08009400       0x24 C:\Users\ryant\jims_projects\sensor_workspace\can_a121_shoot\cortex_m4_gcc\rss\lib\libacc_detector_distance_a121.a(acc_detector_distance_translation.o)
                0x08009400                acc_detector_distance_translation_get_processor_specifications
 .text.acc_detector_distance_translation_sensor_plan_get_close_range_sensor_config
                0x08009424      0x114 C:\Users\ryant\jims_projects\sensor_workspace\can_a121_shoot\cortex_m4_gcc\rss\lib\libacc_detector_distance_a121.a(acc_detector_distance_translation.o)
                0x08009424                acc_detector_distance_translation_sensor_plan_get_close_range_sensor_config
 .text.acc_detector_distance_translation_get_close_range_sensor_config
                0x08009538       0x3c C:\Users\ryant\jims_projects\sensor_workspace\can_a121_shoot\cortex_m4_gcc\rss\lib\libacc_detector_distance_a121.a(acc_detector_distance_translation.o)
                0x08009538                acc_detector_distance_translation_get_close_range_sensor_config
 .text.acc_detector_distance_translation_sensor_plan_get_far_range_sensor_config
                0x08009574      0x158 C:\Users\ryant\jims_projects\sensor_workspace\can_a121_shoot\cortex_m4_gcc\rss\lib\libacc_detector_distance_a121.a(acc_detector_distance_translation.o)
                0x08009574                acc_detector_distance_translation_sensor_plan_get_far_range_sensor_config
 .text.acc_detector_distance_translation_get_far_range_sensor_config
                0x080096cc       0x40 C:\Users\ryant\jims_projects\sensor_workspace\can_a121_shoot\cortex_m4_gcc\rss\lib\libacc_detector_distance_a121.a(acc_detector_distance_translation.o)
                0x080096cc                acc_detector_distance_translation_get_far_range_sensor_config
 .text.acc_detector_distance_utils_reflector_shape_exponent_get
                0x0800970c       0x38 C:\Users\ryant\jims_projects\sensor_workspace\can_a121_shoot\cortex_m4_gcc\rss\lib\libacc_detector_distance_a121.a(acc_detector_distance_utils.o)
                0x0800970c                acc_detector_distance_utils_reflector_shape_exponent_get
 .text.acc_rss_hal_register
                0x08009744        0x8 C:\Users\ryant\jims_projects\sensor_workspace\can_a121_shoot\cortex_m4_gcc\rss\lib\libacconeer_a121.a(acc_rss_a121.o)
                0x08009744                acc_rss_hal_register
 .text.acc_rss_get_buffer_size
                0x0800974c       0x34 C:\Users\ryant\jims_projects\sensor_workspace\can_a121_shoot\cortex_m4_gcc\rss\lib\libacconeer_a121.a(acc_rss_a121.o)
                0x0800974c                acc_rss_get_buffer_size
 .text.acc_config_subsweep_validate.part.0
                0x08009780       0x20 C:\Users\ryant\jims_projects\sensor_workspace\can_a121_shoot\cortex_m4_gcc\rss\lib\libacconeer_a121.a(acc_config.o)
 .text.acc_config_log
                0x080097a0      0x374 C:\Users\ryant\jims_projects\sensor_workspace\can_a121_shoot\cortex_m4_gcc\rss\lib\libacconeer_a121.a(acc_config.o)
                0x080097a0                acc_config_log
 .text.acc_config_create
                0x08009b14       0x30 C:\Users\ryant\jims_projects\sensor_workspace\can_a121_shoot\cortex_m4_gcc\rss\lib\libacconeer_a121.a(acc_config.o)
                0x08009b14                acc_config_create
 .text.acc_config_destroy
                0x08009b44       0x30 C:\Users\ryant\jims_projects\sensor_workspace\can_a121_shoot\cortex_m4_gcc\rss\lib\libacconeer_a121.a(acc_config.o)
                0x08009b44                acc_config_destroy
 .text.acc_config_num_subsweeps_set
                0x08009b74       0x2c C:\Users\ryant\jims_projects\sensor_workspace\can_a121_shoot\cortex_m4_gcc\rss\lib\libacconeer_a121.a(acc_config.o)
                0x08009b74                acc_config_num_subsweeps_set
 .text.acc_config_num_subsweeps_get
                0x08009ba0       0x34 C:\Users\ryant\jims_projects\sensor_workspace\can_a121_shoot\cortex_m4_gcc\rss\lib\libacconeer_a121.a(acc_config.o)
                0x08009ba0                acc_config_num_subsweeps_get
 .text.acc_config_subsweep_start_point_set
                0x08009bd4       0x44 C:\Users\ryant\jims_projects\sensor_workspace\can_a121_shoot\cortex_m4_gcc\rss\lib\libacconeer_a121.a(acc_config.o)
                0x08009bd4                acc_config_subsweep_start_point_set
 .text.acc_config_subsweep_start_point_get
                0x08009c18       0x44 C:\Users\ryant\jims_projects\sensor_workspace\can_a121_shoot\cortex_m4_gcc\rss\lib\libacconeer_a121.a(acc_config.o)
                0x08009c18                acc_config_subsweep_start_point_get
 .text.acc_config_subsweep_num_points_set
                0x08009c5c       0x44 C:\Users\ryant\jims_projects\sensor_workspace\can_a121_shoot\cortex_m4_gcc\rss\lib\libacconeer_a121.a(acc_config.o)
                0x08009c5c                acc_config_subsweep_num_points_set
 .text.acc_config_subsweep_num_points_get
                0x08009ca0       0x44 C:\Users\ryant\jims_projects\sensor_workspace\can_a121_shoot\cortex_m4_gcc\rss\lib\libacconeer_a121.a(acc_config.o)
                0x08009ca0                acc_config_subsweep_num_points_get
 .text.acc_config_subsweep_step_length_set
                0x08009ce4       0x44 C:\Users\ryant\jims_projects\sensor_workspace\can_a121_shoot\cortex_m4_gcc\rss\lib\libacconeer_a121.a(acc_config.o)
                0x08009ce4                acc_config_subsweep_step_length_set
 .text.acc_config_subsweep_step_length_get
                0x08009d28       0x44 C:\Users\ryant\jims_projects\sensor_workspace\can_a121_shoot\cortex_m4_gcc\rss\lib\libacconeer_a121.a(acc_config.o)
                0x08009d28                acc_config_subsweep_step_length_get
 .text.acc_config_subsweep_profile_set
                0x08009d6c       0x44 C:\Users\ryant\jims_projects\sensor_workspace\can_a121_shoot\cortex_m4_gcc\rss\lib\libacconeer_a121.a(acc_config.o)
                0x08009d6c                acc_config_subsweep_profile_set
 .text.acc_config_subsweep_profile_get
                0x08009db0       0x44 C:\Users\ryant\jims_projects\sensor_workspace\can_a121_shoot\cortex_m4_gcc\rss\lib\libacconeer_a121.a(acc_config.o)
                0x08009db0                acc_config_subsweep_profile_get
 .text.acc_config_subsweep_hwaas_set
                0x08009df4       0x44 C:\Users\ryant\jims_projects\sensor_workspace\can_a121_shoot\cortex_m4_gcc\rss\lib\libacconeer_a121.a(acc_config.o)
                0x08009df4                acc_config_subsweep_hwaas_set
 .text.acc_config_subsweep_hwaas_get
                0x08009e38       0x44 C:\Users\ryant\jims_projects\sensor_workspace\can_a121_shoot\cortex_m4_gcc\rss\lib\libacconeer_a121.a(acc_config.o)
                0x08009e38                acc_config_subsweep_hwaas_get
 .text.acc_config_subsweep_receiver_gain_set
                0x08009e7c       0x44 C:\Users\ryant\jims_projects\sensor_workspace\can_a121_shoot\cortex_m4_gcc\rss\lib\libacconeer_a121.a(acc_config.o)
                0x08009e7c                acc_config_subsweep_receiver_gain_set
 .text.acc_config_subsweep_receiver_gain_get
                0x08009ec0       0x44 C:\Users\ryant\jims_projects\sensor_workspace\can_a121_shoot\cortex_m4_gcc\rss\lib\libacconeer_a121.a(acc_config.o)
                0x08009ec0                acc_config_subsweep_receiver_gain_get
 .text.acc_config_subsweep_enable_tx_set
                0x08009f04       0x44 C:\Users\ryant\jims_projects\sensor_workspace\can_a121_shoot\cortex_m4_gcc\rss\lib\libacconeer_a121.a(acc_config.o)
                0x08009f04                acc_config_subsweep_enable_tx_set
 .text.acc_config_subsweep_phase_enhancement_set
                0x08009f48       0x44 C:\Users\ryant\jims_projects\sensor_workspace\can_a121_shoot\cortex_m4_gcc\rss\lib\libacconeer_a121.a(acc_config.o)
                0x08009f48                acc_config_subsweep_phase_enhancement_set
 .text.acc_config_subsweep_phase_enhancement_get
                0x08009f8c       0x44 C:\Users\ryant\jims_projects\sensor_workspace\can_a121_shoot\cortex_m4_gcc\rss\lib\libacconeer_a121.a(acc_config.o)
                0x08009f8c                acc_config_subsweep_phase_enhancement_get
 .text.acc_config_start_point_set
                0x08009fd0        0x8 C:\Users\ryant\jims_projects\sensor_workspace\can_a121_shoot\cortex_m4_gcc\rss\lib\libacconeer_a121.a(acc_config.o)
                0x08009fd0                acc_config_start_point_set
 .text.acc_config_num_points_set
                0x08009fd8        0x8 C:\Users\ryant\jims_projects\sensor_workspace\can_a121_shoot\cortex_m4_gcc\rss\lib\libacconeer_a121.a(acc_config.o)
                0x08009fd8                acc_config_num_points_set
 .text.acc_config_step_length_set
                0x08009fe0        0x8 C:\Users\ryant\jims_projects\sensor_workspace\can_a121_shoot\cortex_m4_gcc\rss\lib\libacconeer_a121.a(acc_config.o)
                0x08009fe0                acc_config_step_length_set
 .text.acc_config_profile_set
                0x08009fe8        0x8 C:\Users\ryant\jims_projects\sensor_workspace\can_a121_shoot\cortex_m4_gcc\rss\lib\libacconeer_a121.a(acc_config.o)
                0x08009fe8                acc_config_profile_set
 .text.acc_config_hwaas_set
                0x08009ff0        0x8 C:\Users\ryant\jims_projects\sensor_workspace\can_a121_shoot\cortex_m4_gcc\rss\lib\libacconeer_a121.a(acc_config.o)
                0x08009ff0                acc_config_hwaas_set
 .text.acc_config_receiver_gain_set
                0x08009ff8        0x8 C:\Users\ryant\jims_projects\sensor_workspace\can_a121_shoot\cortex_m4_gcc\rss\lib\libacconeer_a121.a(acc_config.o)
                0x08009ff8                acc_config_receiver_gain_set
 .text.acc_config_enable_tx_set
                0x0800a000        0x8 C:\Users\ryant\jims_projects\sensor_workspace\can_a121_shoot\cortex_m4_gcc\rss\lib\libacconeer_a121.a(acc_config.o)
                0x0800a000                acc_config_enable_tx_set
 .text.acc_config_phase_enhancement_set
                0x0800a008        0x8 C:\Users\ryant\jims_projects\sensor_workspace\can_a121_shoot\cortex_m4_gcc\rss\lib\libacconeer_a121.a(acc_config.o)
                0x0800a008                acc_config_phase_enhancement_set
 .text.acc_config_sweeps_per_frame_set
                0x0800a010       0x2c C:\Users\ryant\jims_projects\sensor_workspace\can_a121_shoot\cortex_m4_gcc\rss\lib\libacconeer_a121.a(acc_config.o)
                0x0800a010                acc_config_sweeps_per_frame_set
 .text.acc_config_sweeps_per_frame_get
                0x0800a03c       0x34 C:\Users\ryant\jims_projects\sensor_workspace\can_a121_shoot\cortex_m4_gcc\rss\lib\libacconeer_a121.a(acc_config.o)
                0x0800a03c                acc_config_sweeps_per_frame_get
 .text.acc_config_get_settings
                0x0800a070       0x30 C:\Users\ryant\jims_projects\sensor_workspace\can_a121_shoot\cortex_m4_gcc\rss\lib\libacconeer_a121.a(acc_config.o)
                0x0800a070                acc_config_get_settings
 .text.acc_config_subsweep_enable_loopback_set
                0x0800a0a0       0x44 C:\Users\ryant\jims_projects\sensor_workspace\can_a121_shoot\cortex_m4_gcc\rss\lib\libacconeer_a121.a(acc_config.o)
                0x0800a0a0                acc_config_subsweep_enable_loopback_set
 .text.acc_config_subsweep_enable_loopback_get
                0x0800a0e4       0x44 C:\Users\ryant\jims_projects\sensor_workspace\can_a121_shoot\cortex_m4_gcc\rss\lib\libacconeer_a121.a(acc_config.o)
                0x0800a0e4                acc_config_subsweep_enable_loopback_get
 .text.acc_config_subsweep_prf_set
                0x0800a128       0x44 C:\Users\ryant\jims_projects\sensor_workspace\can_a121_shoot\cortex_m4_gcc\rss\lib\libacconeer_a121.a(acc_config.o)
                0x0800a128                acc_config_subsweep_prf_set
 .text.acc_config_prf_set
                0x0800a16c        0x8 C:\Users\ryant\jims_projects\sensor_workspace\can_a121_shoot\cortex_m4_gcc\rss\lib\libacconeer_a121.a(acc_config.o)
                0x0800a16c                acc_config_prf_set
 .text.acc_config_subsweep_prf_get
                0x0800a174       0x44 C:\Users\ryant\jims_projects\sensor_workspace\can_a121_shoot\cortex_m4_gcc\rss\lib\libacconeer_a121.a(acc_config.o)
                0x0800a174                acc_config_subsweep_prf_get
 .text.acc_config_enable_loopback_set
                0x0800a1b8        0x8 C:\Users\ryant\jims_projects\sensor_workspace\can_a121_shoot\cortex_m4_gcc\rss\lib\libacconeer_a121.a(acc_config.o)
                0x0800a1b8                acc_config_enable_loopback_set
 .text.data_callback
                0x0800a1c0       0x20 C:\Users\ryant\jims_projects\sensor_workspace\can_a121_shoot\cortex_m4_gcc\rss\lib\libacconeer_a121.a(acc_processing.o)
 .text.acc_processing_execute
                0x0800a1e0       0x78 C:\Users\ryant\jims_projects\sensor_workspace\can_a121_shoot\cortex_m4_gcc\rss\lib\libacconeer_a121.a(acc_processing.o)
                0x0800a1e0                acc_processing_execute
 .text.acc_processing_destroy
                0x0800a258       0x48 C:\Users\ryant\jims_projects\sensor_workspace\can_a121_shoot\cortex_m4_gcc\rss\lib\libacconeer_a121.a(acc_processing.o)
                0x0800a258                acc_processing_destroy
 .text.acc_processing_create
                0x0800a2a0       0xe4 C:\Users\ryant\jims_projects\sensor_workspace\can_a121_shoot\cortex_m4_gcc\rss\lib\libacconeer_a121.a(acc_processing.o)
                0x0800a2a0                acc_processing_create
 .text.acc_processing_points_to_meter
                0x0800a384        0x4 C:\Users\ryant\jims_projects\sensor_workspace\can_a121_shoot\cortex_m4_gcc\rss\lib\libacconeer_a121.a(acc_processing.o)
                0x0800a384                acc_processing_points_to_meter
 .text.acc_sensor_destroy
                0x0800a388       0x44 C:\Users\ryant\jims_projects\sensor_workspace\can_a121_shoot\cortex_m4_gcc\rss\lib\libacconeer_a121.a(acc_sensor.o)
                0x0800a388                acc_sensor_destroy
 .text.acc_sensor_create
                0x0800a3cc       0x94 C:\Users\ryant\jims_projects\sensor_workspace\can_a121_shoot\cortex_m4_gcc\rss\lib\libacconeer_a121.a(acc_sensor.o)
                0x0800a3cc                acc_sensor_create
 .text.acc_sensor_calibrate
                0x0800a460       0x64 C:\Users\ryant\jims_projects\sensor_workspace\can_a121_shoot\cortex_m4_gcc\rss\lib\libacconeer_a121.a(acc_sensor.o)
                0x0800a460                acc_sensor_calibrate
 .text.acc_sensor_prepare
                0x0800a4c4       0xac C:\Users\ryant\jims_projects\sensor_workspace\can_a121_shoot\cortex_m4_gcc\rss\lib\libacconeer_a121.a(acc_sensor.o)
                0x0800a4c4                acc_sensor_prepare
 .text.acc_sensor_measure
                0x0800a570       0x50 C:\Users\ryant\jims_projects\sensor_workspace\can_a121_shoot\cortex_m4_gcc\rss\lib\libacconeer_a121.a(acc_sensor.o)
                0x0800a570                acc_sensor_measure
 .text.acc_sensor_read
                0x0800a5c0       0x80 C:\Users\ryant\jims_projects\sensor_workspace\can_a121_shoot\cortex_m4_gcc\rss\lib\libacconeer_a121.a(acc_sensor.o)
                0x0800a5c0                acc_sensor_read
 .text.acc_calibration_a121_calibrate
                0x0800a640      0x720 C:\Users\ryant\jims_projects\sensor_workspace\can_a121_shoot\cortex_m4_gcc\rss\lib\libacconeer_a121.a(acc_calibration_a121.o)
                0x0800a640                acc_calibration_a121_calibrate
 .text.acc_calibration_a121_validate_calibration
                0x0800ad60       0x18 C:\Users\ryant\jims_projects\sensor_workspace\can_a121_shoot\cortex_m4_gcc\rss\lib\libacconeer_a121.a(acc_calibration_a121.o)
                0x0800ad60                acc_calibration_a121_validate_calibration
 .text.least_sqr_fit
                0x0800ad78      0x184 C:\Users\ryant\jims_projects\sensor_workspace\can_a121_shoot\cortex_m4_gcc\rss\lib\libacconeer_a121.a(acc_calibration_a121_algorithms.o)
 .text.acc_cal_algorithms_pll_cbank
                0x0800aefc       0x74 C:\Users\ryant\jims_projects\sensor_workspace\can_a121_shoot\cortex_m4_gcc\rss\lib\libacconeer_a121.a(acc_calibration_a121_algorithms.o)
                0x0800aefc                acc_cal_algorithms_pll_cbank
 .text.acc_cal_algorithms_pll_ibias
                0x0800af70       0x9c C:\Users\ryant\jims_projects\sensor_workspace\can_a121_shoot\cortex_m4_gcc\rss\lib\libacconeer_a121.a(acc_calibration_a121_algorithms.o)
                0x0800af70                acc_cal_algorithms_pll_ibias
 .text.acc_cal_algorithms_vfast2_ldo
                0x0800b00c       0x98 C:\Users\ryant\jims_projects\sensor_workspace\can_a121_shoot\cortex_m4_gcc\rss\lib\libacconeer_a121.a(acc_calibration_a121_algorithms.o)
                0x0800b00c                acc_cal_algorithms_vfast2_ldo
 .text.acc_cal_algorithms_delay_cbank
                0x0800b0a4      0x114 C:\Users\ryant\jims_projects\sensor_workspace\can_a121_shoot\cortex_m4_gcc\rss\lib\libacconeer_a121.a(acc_calibration_a121_algorithms.o)
                0x0800b0a4                acc_cal_algorithms_delay_cbank
 .text.acc_cal_algorithms_bba_cal_ctrl
                0x0800b1b8       0xe0 C:\Users\ryant\jims_projects\sensor_workspace\can_a121_shoot\cortex_m4_gcc\rss\lib\libacconeer_a121.a(acc_calibration_a121_algorithms.o)
                0x0800b1b8                acc_cal_algorithms_bba_cal_ctrl
 .text.acc_cal_algorithms_iq_imbalance
                0x0800b298      0x154 C:\Users\ryant\jims_projects\sensor_workspace\can_a121_shoot\cortex_m4_gcc\rss\lib\libacconeer_a121.a(acc_calibration_a121_algorithms.o)
                0x0800b298                acc_cal_algorithms_iq_imbalance
 .text.acc_cal_algorithms_rx_freq_ctrl
                0x0800b3ec       0x84 C:\Users\ryant\jims_projects\sensor_workspace\can_a121_shoot\cortex_m4_gcc\rss\lib\libacconeer_a121.a(acc_calibration_a121_algorithms.o)
                0x0800b3ec                acc_cal_algorithms_rx_freq_ctrl
 .text.acc_cal_algorithms_atan2_q16
                0x0800b470       0xe0 C:\Users\ryant\jims_projects\sensor_workspace\can_a121_shoot\cortex_m4_gcc\rss\lib\libacconeer_a121.a(acc_calibration_a121_algorithms.o)
                0x0800b470                acc_cal_algorithms_atan2_q16
 .text.acc_cal_algorithms_area_index
                0x0800b550      0x190 C:\Users\ryant\jims_projects\sensor_workspace\can_a121_shoot\cortex_m4_gcc\rss\lib\libacconeer_a121.a(acc_calibration_a121_algorithms.o)
                0x0800b550                acc_cal_algorithms_area_index
 .text.acc_cal_algorithms_phase_unwrap
                0x0800b6e0       0x5c C:\Users\ryant\jims_projects\sensor_workspace\can_a121_shoot\cortex_m4_gcc\rss\lib\libacconeer_a121.a(acc_calibration_a121_algorithms.o)
                0x0800b6e0                acc_cal_algorithms_phase_unwrap
 .text.acc_cal_algorithms_tx_freq_ctrl
                0x0800b73c      0x120 C:\Users\ryant\jims_projects\sensor_workspace\can_a121_shoot\cortex_m4_gcc\rss\lib\libacconeer_a121.a(acc_calibration_a121_algorithms.o)
                0x0800b73c                acc_cal_algorithms_tx_freq_ctrl
 .text.acc_cal_algorithms_phase_enhancement
                0x0800b85c       0xc0 C:\Users\ryant\jims_projects\sensor_workspace\can_a121_shoot\cortex_m4_gcc\rss\lib\libacconeer_a121.a(acc_calibration_a121_algorithms.o)
                0x0800b85c                acc_cal_algorithms_phase_enhancement
 .text.acc_cal_algorithms_calc_pulse_params
                0x0800b91c      0x1ec C:\Users\ryant\jims_projects\sensor_workspace\can_a121_shoot\cortex_m4_gcc\rss\lib\libacconeer_a121.a(acc_calibration_a121_algorithms.o)
                0x0800b91c                acc_cal_algorithms_calc_pulse_params
 .text.acc_cal_algorithms_pulseshaper_wavelet
                0x0800bb08       0x90 C:\Users\ryant\jims_projects\sensor_workspace\can_a121_shoot\cortex_m4_gcc\rss\lib\libacconeer_a121.a(acc_calibration_a121_algorithms.o)
                0x0800bb08                acc_cal_algorithms_pulseshaper_wavelet
 .text.acc_cal_algorithms_pulseshaper_supply
                0x0800bb98      0x108 C:\Users\ryant\jims_projects\sensor_workspace\can_a121_shoot\cortex_m4_gcc\rss\lib\libacconeer_a121.a(acc_calibration_a121_algorithms.o)
                0x0800bb98                acc_cal_algorithms_pulseshaper_supply
 .text.acc_a121_cal_session_start_1_pll_cbank_temp_program
                0x0800bca0       0xf0 C:\Users\ryant\jims_projects\sensor_workspace\can_a121_shoot\cortex_m4_gcc\rss\lib\libacconeer_a121.a(acc_calibration_a121_cal_session.o)
                0x0800bca0                acc_a121_cal_session_start_1_pll_cbank_temp_program
 .text.acc_a121_cal_session_start_2_pll_ibias_vfast2_ldo_program
                0x0800bd90       0x3c C:\Users\ryant\jims_projects\sensor_workspace\can_a121_shoot\cortex_m4_gcc\rss\lib\libacconeer_a121.a(acc_calibration_a121_cal_session.o)
                0x0800bd90                acc_a121_cal_session_start_2_pll_ibias_vfast2_ldo_program
 .text.acc_a121_cal_session_start_3_delay_cbank_program
                0x0800bdcc       0x5c C:\Users\ryant\jims_projects\sensor_workspace\can_a121_shoot\cortex_m4_gcc\rss\lib\libacconeer_a121.a(acc_calibration_a121_cal_session.o)
                0x0800bdcc                acc_a121_cal_session_start_3_delay_cbank_program
 .text.acc_a121_cal_session_start_4_bba_vga_program
                0x0800be28        0x8 C:\Users\ryant\jims_projects\sensor_workspace\can_a121_shoot\cortex_m4_gcc\rss\lib\libacconeer_a121.a(acc_calibration_a121_cal_session.o)
                0x0800be28                acc_a121_cal_session_start_4_bba_vga_program
 .text.acc_a121_cal_session_start_5_area_index_program
                0x0800be30       0xa0 C:\Users\ryant\jims_projects\sensor_workspace\can_a121_shoot\cortex_m4_gcc\rss\lib\libacconeer_a121.a(acc_calibration_a121_cal_session.o)
                0x0800be30                acc_a121_cal_session_start_5_area_index_program
 .text.acc_a121_cal_session_start_6_tx_freq_program
                0x0800bed0      0x120 C:\Users\ryant\jims_projects\sensor_workspace\can_a121_shoot\cortex_m4_gcc\rss\lib\libacconeer_a121.a(acc_calibration_a121_cal_session.o)
                0x0800bed0                acc_a121_cal_session_start_6_tx_freq_program
 .text.acc_a121_cal_session_start_7_rx_freq_program
                0x0800bff0       0x3c C:\Users\ryant\jims_projects\sensor_workspace\can_a121_shoot\cortex_m4_gcc\rss\lib\libacconeer_a121.a(acc_calibration_a121_cal_session.o)
                0x0800bff0                acc_a121_cal_session_start_7_rx_freq_program
 .text.acc_a121_cal_session_start_8_phase_enhancement_program
                0x0800c02c       0x7c C:\Users\ryant\jims_projects\sensor_workspace\can_a121_shoot\cortex_m4_gcc\rss\lib\libacconeer_a121.a(acc_calibration_a121_cal_session.o)
                0x0800c02c                acc_a121_cal_session_start_8_phase_enhancement_program
 .text.acc_a121_cal_session_start_9_pulseshaper_program
                0x0800c0a8        0x8 C:\Users\ryant\jims_projects\sensor_workspace\can_a121_shoot\cortex_m4_gcc\rss\lib\libacconeer_a121.a(acc_calibration_a121_cal_session.o)
                0x0800c0a8                acc_a121_cal_session_start_9_pulseshaper_program
 .text.acc_a121_cal_session_ack_program
                0x0800c0b0       0x44 C:\Users\ryant\jims_projects\sensor_workspace\can_a121_shoot\cortex_m4_gcc\rss\lib\libacconeer_a121.a(acc_calibration_a121_cal_session.o)
                0x0800c0b0                acc_a121_cal_session_ack_program
 .text.acc_a121_cal_session_get_1_pll_cbank_temp_program_data
                0x0800c0f4       0x30 C:\Users\ryant\jims_projects\sensor_workspace\can_a121_shoot\cortex_m4_gcc\rss\lib\libacconeer_a121.a(acc_calibration_a121_cal_session.o)
                0x0800c0f4                acc_a121_cal_session_get_1_pll_cbank_temp_program_data
 .text.acc_a121_cal_session_get_2_pll_ibias_vfast2_ldo_program_data
                0x0800c124       0x20 C:\Users\ryant\jims_projects\sensor_workspace\can_a121_shoot\cortex_m4_gcc\rss\lib\libacconeer_a121.a(acc_calibration_a121_cal_session.o)
                0x0800c124                acc_a121_cal_session_get_2_pll_ibias_vfast2_ldo_program_data
 .text.acc_a121_cal_session_get_3_delay_cbank_program_data
                0x0800c144       0x10 C:\Users\ryant\jims_projects\sensor_workspace\can_a121_shoot\cortex_m4_gcc\rss\lib\libacconeer_a121.a(acc_calibration_a121_cal_session.o)
                0x0800c144                acc_a121_cal_session_get_3_delay_cbank_program_data
 .text.acc_a121_cal_session_get_4_bba_vga_program_data
                0x0800c154       0x10 C:\Users\ryant\jims_projects\sensor_workspace\can_a121_shoot\cortex_m4_gcc\rss\lib\libacconeer_a121.a(acc_calibration_a121_cal_session.o)
                0x0800c154                acc_a121_cal_session_get_4_bba_vga_program_data
 .text.acc_a121_cal_session_get_5_area_index_program_data
                0x0800c164       0x14 C:\Users\ryant\jims_projects\sensor_workspace\can_a121_shoot\cortex_m4_gcc\rss\lib\libacconeer_a121.a(acc_calibration_a121_cal_session.o)
                0x0800c164                acc_a121_cal_session_get_5_area_index_program_data
 .text.acc_a121_cal_session_get_6_tx_freq_program_data
                0x0800c178        0x4 C:\Users\ryant\jims_projects\sensor_workspace\can_a121_shoot\cortex_m4_gcc\rss\lib\libacconeer_a121.a(acc_calibration_a121_cal_session.o)
                0x0800c178                acc_a121_cal_session_get_6_tx_freq_program_data
 .text.acc_a121_cal_session_get_7_rx_freq_program_data
                0x0800c17c       0x10 C:\Users\ryant\jims_projects\sensor_workspace\can_a121_shoot\cortex_m4_gcc\rss\lib\libacconeer_a121.a(acc_calibration_a121_cal_session.o)
                0x0800c17c                acc_a121_cal_session_get_7_rx_freq_program_data
 .text.acc_a121_cal_session_get_8_phase_enhancement_program_data
                0x0800c18c       0x10 C:\Users\ryant\jims_projects\sensor_workspace\can_a121_shoot\cortex_m4_gcc\rss\lib\libacconeer_a121.a(acc_calibration_a121_cal_session.o)
                0x0800c18c                acc_a121_cal_session_get_8_phase_enhancement_program_data
 .text.acc_a121_cal_session_get_9_pulseshaper_program_data
                0x0800c19c       0x1c C:\Users\ryant\jims_projects\sensor_workspace\can_a121_shoot\cortex_m4_gcc\rss\lib\libacconeer_a121.a(acc_calibration_a121_cal_session.o)
                0x0800c19c                acc_a121_cal_session_get_9_pulseshaper_program_data
 .text.acc_detector_utils_get_fwhm
                0x0800c1b8       0x20 C:\Users\ryant\jims_projects\sensor_workspace\can_a121_shoot\cortex_m4_gcc\rss\lib\libacconeer_a121.a(acc_detector_utils.o)
                0x0800c1b8                acc_detector_utils_get_fwhm
 .text.acc_detector_utils_radar_loop_gain_per_hwaas
                0x0800c1d8       0x20 C:\Users\ryant\jims_projects\sensor_workspace\can_a121_shoot\cortex_m4_gcc\rss\lib\libacconeer_a121.a(acc_detector_utils.o)
                0x0800c1d8                acc_detector_utils_radar_loop_gain_per_hwaas
 .text.acc_detector_utils_max_measurable_dist
                0x0800c1f8       0x1c C:\Users\ryant\jims_projects\sensor_workspace\can_a121_shoot\cortex_m4_gcc\rss\lib\libacconeer_a121.a(acc_detector_utils.o)
                0x0800c1f8                acc_detector_utils_max_measurable_dist
 .text.acc_detector_utils_min_leakage_free_dist
                0x0800c214       0x20 C:\Users\ryant\jims_projects\sensor_workspace\can_a121_shoot\cortex_m4_gcc\rss\lib\libacconeer_a121.a(acc_detector_utils.o)
                0x0800c214                acc_detector_utils_min_leakage_free_dist
 .text.acc_detector_utils_get_abs_sweep
                0x0800c234       0x30 C:\Users\ryant\jims_projects\sensor_workspace\can_a121_shoot\cortex_m4_gcc\rss\lib\libacconeer_a121.a(acc_detector_utils.o)
                0x0800c234                acc_detector_utils_get_abs_sweep
 .text.acc_detector_utils_get_temperature_adjustment_factors
                0x0800c264       0x60 C:\Users\ryant\jims_projects\sensor_workspace\can_a121_shoot\cortex_m4_gcc\rss\lib\libacconeer_a121.a(acc_detector_utils.o)
                0x0800c264                acc_detector_utils_get_temperature_adjustment_factors
 .text.acc_detector_utils_get_complex_angle
                0x0800c2c4       0xac C:\Users\ryant\jims_projects\sensor_workspace\can_a121_shoot\cortex_m4_gcc\rss\lib\libacconeer_a121.a(acc_detector_utils.o)
                0x0800c2c4                acc_detector_utils_get_complex_angle
 .text.acc_detector_utils_align_size_32bit
                0x0800c370        0x8 C:\Users\ryant\jims_projects\sensor_workspace\can_a121_shoot\cortex_m4_gcc\rss\lib\libacconeer_a121.a(acc_detector_utils.o)
                0x0800c370                acc_detector_utils_align_size_32bit
 .text.acc_rss_integration_register_a121
                0x0800c378       0x6c C:\Users\ryant\jims_projects\sensor_workspace\can_a121_shoot\cortex_m4_gcc\rss\lib\libacconeer_a121.a(acc_rss_integration.o)
                0x0800c378                acc_rss_integration_register_a121
 .text.acc_rss_integration_get_sensor_reference_frequency
                0x0800c3e4        0xc C:\Users\ryant\jims_projects\sensor_workspace\can_a121_shoot\cortex_m4_gcc\rss\lib\libacconeer_a121.a(acc_rss_integration.o)
                0x0800c3e4                acc_rss_integration_get_sensor_reference_frequency
 .text.acc_rss_integration_get_max_spi_transfer_size
                0x0800c3f0        0xc C:\Users\ryant\jims_projects\sensor_workspace\can_a121_shoot\cortex_m4_gcc\rss\lib\libacconeer_a121.a(acc_rss_integration.o)
                0x0800c3f0                acc_rss_integration_get_max_spi_transfer_size
 .text.acc_rss_integration_sensor_device_transfer
                0x0800c3fc       0x4c C:\Users\ryant\jims_projects\sensor_workspace\can_a121_shoot\cortex_m4_gcc\rss\lib\libacconeer_a121.a(acc_rss_integration.o)
                0x0800c3fc                acc_rss_integration_sensor_device_transfer
 .text.acc_rss_integration_mem_alloc_debug
                0x0800c448       0x48 C:\Users\ryant\jims_projects\sensor_workspace\can_a121_shoot\cortex_m4_gcc\rss\lib\libacconeer_a121.a(acc_rss_integration.o)
                0x0800c448                acc_rss_integration_mem_alloc_debug
 .text.acc_rss_integration_mem_calloc_debug
                0x0800c490       0x38 C:\Users\ryant\jims_projects\sensor_workspace\can_a121_shoot\cortex_m4_gcc\rss\lib\libacconeer_a121.a(acc_rss_integration.o)
                0x0800c490                acc_rss_integration_mem_calloc_debug
 .text.acc_rss_integration_mem_free
                0x0800c4c8       0x28 C:\Users\ryant\jims_projects\sensor_workspace\can_a121_shoot\cortex_m4_gcc\rss\lib\libacconeer_a121.a(acc_rss_integration.o)
                0x0800c4c8                acc_rss_integration_mem_free
 .text.acc_rss_integration_log_level
                0x0800c4f0        0xc C:\Users\ryant\jims_projects\sensor_workspace\can_a121_shoot\cortex_m4_gcc\rss\lib\libacconeer_a121.a(acc_rss_integration.o)
                0x0800c4f0                acc_rss_integration_log_level
 .text.pipeline_a121_produce
                0x0800c4fc       0x10 C:\Users\ryant\jims_projects\sensor_workspace\can_a121_shoot\cortex_m4_gcc\rss\lib\libacconeer_a121.a(acc_pipeline_a121.o)
 .text.pipeline_a121_disassemble
                0x0800c50c       0x30 C:\Users\ryant\jims_projects\sensor_workspace\can_a121_shoot\cortex_m4_gcc\rss\lib\libacconeer_a121.a(acc_pipeline_a121.o)
 .text.acc_pipeline_get_buffer_size
                0x0800c53c       0x18 C:\Users\ryant\jims_projects\sensor_workspace\can_a121_shoot\cortex_m4_gcc\rss\lib\libacconeer_a121.a(acc_pipeline_a121.o)
                0x0800c53c                acc_pipeline_get_buffer_size
 .text.acc_pipeline_a121_assemble
                0x0800c554      0x2cc C:\Users\ryant\jims_projects\sensor_workspace\can_a121_shoot\cortex_m4_gcc\rss\lib\libacconeer_a121.a(acc_pipeline_a121.o)
                0x0800c554                acc_pipeline_a121_assemble
 .text.acc_pipeline_a121_prepare_memory
                0x0800c820       0x4c C:\Users\ryant\jims_projects\sensor_workspace\can_a121_shoot\cortex_m4_gcc\rss\lib\libacconeer_a121.a(acc_pipeline_a121.o)
                0x0800c820                acc_pipeline_a121_prepare_memory
 .text.acc_radar_engine_a121_context_create
                0x0800c86c       0x24 C:\Users\ryant\jims_projects\sensor_workspace\can_a121_shoot\cortex_m4_gcc\rss\lib\libacconeer_a121.a(acc_radar_engine_a121.o)
                0x0800c86c                acc_radar_engine_a121_context_create
 .text.acc_radar_engine_a121_context_destroy
                0x0800c890        0x8 C:\Users\ryant\jims_projects\sensor_workspace\can_a121_shoot\cortex_m4_gcc\rss\lib\libacconeer_a121.a(acc_radar_engine_a121.o)
                0x0800c890                acc_radar_engine_a121_context_destroy
 .text.acc_radar_engine_a121_run_program
                0x0800c898        0x4 C:\Users\ryant\jims_projects\sensor_workspace\can_a121_shoot\cortex_m4_gcc\rss\lib\libacconeer_a121.a(acc_radar_engine_a121.o)
                0x0800c898                acc_radar_engine_a121_run_program
 .text.acc_radar_engine_a121_measure
                0x0800c89c       0x30 C:\Users\ryant\jims_projects\sensor_workspace\can_a121_shoot\cortex_m4_gcc\rss\lib\libacconeer_a121.a(acc_radar_engine_a121.o)
                0x0800c89c                acc_radar_engine_a121_measure
 .text.acc_radar_engine_a121_transfer_data
                0x0800c8cc       0x44 C:\Users\ryant\jims_projects\sensor_workspace\can_a121_shoot\cortex_m4_gcc\rss\lib\libacconeer_a121.a(acc_radar_engine_a121.o)
                0x0800c8cc                acc_radar_engine_a121_transfer_data
 .text.acc_radar_engine_a121_verify_radar_data_ready