../Core/Src/canspi.c:39:6:CANSPI_Sleep	8	static
../Core/Src/canspi.c:51:6:CANSPI_Initialize	40	static
../Core/Src/canspi.c:156:9:CANSPI_Transmit	24	static
../Core/Src/canspi.c:204:9:CANSPI_Receive	40	static
../Core/Src/canspi.c:255:9:CANSPI_messagesInBuffer	16	static
../Core/Src/canspi.c:275:9:CANSPI_isBussOff	16	static
../Core/Src/canspi.c:290:9:CANSPI_isRxErrorPassive	16	static
../Core/Src/canspi.c:305:9:CANSPI_isTxErrorPassive	16	static
../Core/Src/canspi.c:320:17:convertReg2ExtendedCANid	32	static
../Core/Src/canspi.c:342:17:convertReg2StandardCANid	24	static
../Core/Src/canspi.c:355:13:convertCANid2Reg	32	static
